Archive member included to satisfy reference by file (symbol)

/opt/st/stm32cubeide_1.18.1_2/plugins/com.st.stm32cube.ide.mcu.externaltools.gnu-tools-for-stm32.13.3.rel1.linux64_1.0.0.202410170706/tools/bin/../lib/gcc/arm-none-eabi/13.3.1/../../../../arm-none-eabi/lib/thumb/v7e-m+fp/hard/libc_nano.a(libc_a-exit.o)
                              /opt/st/stm32cubeide_1.18.1_2/plugins/com.st.stm32cube.ide.mcu.externaltools.gnu-tools-for-stm32.13.3.rel1.linux64_1.0.0.202410170706/tools/bin/../lib/gcc/arm-none-eabi/13.3.1/../../../../arm-none-eabi/lib/thumb/v7e-m+fp/hard/crt0.o (exit)
/opt/st/stm32cubeide_1.18.1_2/plugins/com.st.stm32cube.ide.mcu.externaltools.gnu-tools-for-stm32.13.3.rel1.linux64_1.0.0.202410170706/tools/bin/../lib/gcc/arm-none-eabi/13.3.1/../../../../arm-none-eabi/lib/thumb/v7e-m+fp/hard/libc_nano.a(libc_a-findfp.o)
                              /opt/st/stm32cubeide_1.18.1_2/plugins/com.st.stm32cube.ide.mcu.externaltools.gnu-tools-for-stm32.13.3.rel1.linux64_1.0.0.202410170706/tools/bin/../lib/gcc/arm-none-eabi/13.3.1/../../../../arm-none-eabi/lib/thumb/v7e-m+fp/hard/libc_nano.a(libc_a-exit.o) (__stdio_exit_handler)
/opt/st/stm32cubeide_1.18.1_2/plugins/com.st.stm32cube.ide.mcu.externaltools.gnu-tools-for-stm32.13.3.rel1.linux64_1.0.0.202410170706/tools/bin/../lib/gcc/arm-none-eabi/13.3.1/../../../../arm-none-eabi/lib/thumb/v7e-m+fp/hard/libc_nano.a(libc_a-fwalk.o)
                              /opt/st/stm32cubeide_1.18.1_2/plugins/com.st.stm32cube.ide.mcu.externaltools.gnu-tools-for-stm32.13.3.rel1.linux64_1.0.0.202410170706/tools/bin/../lib/gcc/arm-none-eabi/13.3.1/../../../../arm-none-eabi/lib/thumb/v7e-m+fp/hard/libc_nano.a(libc_a-findfp.o) (_fwalk_sglue)
/opt/st/stm32cubeide_1.18.1_2/plugins/com.st.stm32cube.ide.mcu.externaltools.gnu-tools-for-stm32.13.3.rel1.linux64_1.0.0.202410170706/tools/bin/../lib/gcc/arm-none-eabi/13.3.1/../../../../arm-none-eabi/lib/thumb/v7e-m+fp/hard/libc_nano.a(libc_a-stdio.o)
                              /opt/st/stm32cubeide_1.18.1_2/plugins/com.st.stm32cube.ide.mcu.externaltools.gnu-tools-for-stm32.13.3.rel1.linux64_1.0.0.202410170706/tools/bin/../lib/gcc/arm-none-eabi/13.3.1/../../../../arm-none-eabi/lib/thumb/v7e-m+fp/hard/libc_nano.a(libc_a-findfp.o) (__sread)
/opt/st/stm32cubeide_1.18.1_2/plugins/com.st.stm32cube.ide.mcu.externaltools.gnu-tools-for-stm32.13.3.rel1.linux64_1.0.0.202410170706/tools/bin/../lib/gcc/arm-none-eabi/13.3.1/../../../../arm-none-eabi/lib/thumb/v7e-m+fp/hard/libc_nano.a(libc_a-memset.o)
                              /opt/st/stm32cubeide_1.18.1_2/plugins/com.st.stm32cube.ide.mcu.externaltools.gnu-tools-for-stm32.13.3.rel1.linux64_1.0.0.202410170706/tools/bin/../lib/gcc/arm-none-eabi/13.3.1/../../../../arm-none-eabi/lib/thumb/v7e-m+fp/hard/crt0.o (memset)
/opt/st/stm32cubeide_1.18.1_2/plugins/com.st.stm32cube.ide.mcu.externaltools.gnu-tools-for-stm32.13.3.rel1.linux64_1.0.0.202410170706/tools/bin/../lib/gcc/arm-none-eabi/13.3.1/../../../../arm-none-eabi/lib/thumb/v7e-m+fp/hard/libc_nano.a(libc_a-closer.o)
                              /opt/st/stm32cubeide_1.18.1_2/plugins/com.st.stm32cube.ide.mcu.externaltools.gnu-tools-for-stm32.13.3.rel1.linux64_1.0.0.202410170706/tools/bin/../lib/gcc/arm-none-eabi/13.3.1/../../../../arm-none-eabi/lib/thumb/v7e-m+fp/hard/libc_nano.a(libc_a-stdio.o) (_close_r)
/opt/st/stm32cubeide_1.18.1_2/plugins/com.st.stm32cube.ide.mcu.externaltools.gnu-tools-for-stm32.13.3.rel1.linux64_1.0.0.202410170706/tools/bin/../lib/gcc/arm-none-eabi/13.3.1/../../../../arm-none-eabi/lib/thumb/v7e-m+fp/hard/libc_nano.a(libc_a-reent.o)
                              /opt/st/stm32cubeide_1.18.1_2/plugins/com.st.stm32cube.ide.mcu.externaltools.gnu-tools-for-stm32.13.3.rel1.linux64_1.0.0.202410170706/tools/bin/../lib/gcc/arm-none-eabi/13.3.1/../../../../arm-none-eabi/lib/thumb/v7e-m+fp/hard/libc_nano.a(libc_a-closer.o) (errno)
/opt/st/stm32cubeide_1.18.1_2/plugins/com.st.stm32cube.ide.mcu.externaltools.gnu-tools-for-stm32.13.3.rel1.linux64_1.0.0.202410170706/tools/bin/../lib/gcc/arm-none-eabi/13.3.1/../../../../arm-none-eabi/lib/thumb/v7e-m+fp/hard/libc_nano.a(libc_a-impure.o)
                              /opt/st/stm32cubeide_1.18.1_2/plugins/com.st.stm32cube.ide.mcu.externaltools.gnu-tools-for-stm32.13.3.rel1.linux64_1.0.0.202410170706/tools/bin/../lib/gcc/arm-none-eabi/13.3.1/../../../../arm-none-eabi/lib/thumb/v7e-m+fp/hard/libc_nano.a(libc_a-reent.o) (_impure_ptr)
/opt/st/stm32cubeide_1.18.1_2/plugins/com.st.stm32cube.ide.mcu.externaltools.gnu-tools-for-stm32.13.3.rel1.linux64_1.0.0.202410170706/tools/bin/../lib/gcc/arm-none-eabi/13.3.1/../../../../arm-none-eabi/lib/thumb/v7e-m+fp/hard/libc_nano.a(libc_a-lseekr.o)
                              /opt/st/stm32cubeide_1.18.1_2/plugins/com.st.stm32cube.ide.mcu.externaltools.gnu-tools-for-stm32.13.3.rel1.linux64_1.0.0.202410170706/tools/bin/../lib/gcc/arm-none-eabi/13.3.1/../../../../arm-none-eabi/lib/thumb/v7e-m+fp/hard/libc_nano.a(libc_a-stdio.o) (_lseek_r)
[...]
Memory Configuration

Name             Origin             Length             Attributes
FLASH            0x08100000         0x00100000         xr
RAM              0x10000000         0x00048000         xrw
*default*        0x00000000         0xffffffff

Linker script and memory map

LOAD /opt/st/stm32cubeide_1.18.1_2/plugins/com.st.stm32cube.ide.mcu.externaltools.gnu-tools-for-stm32.13.3.rel1.linux64_1.0.0.202410170706/tools/bin/../lib/gcc/arm-none-eabi/13.3.1/thumb/v7e-m+fp/hard/crti.o
LOAD /opt/st/stm32cubeide_1.18.1_2/plugins/com.st.stm32cube.ide.mcu.externaltools.gnu-tools-for-stm32.13.3.rel1.linux64_1.0.0.202410170706/tools/bin/../lib/gcc/arm-none-eabi/13.3.1/thumb/v7e-m+fp/hard/crtbegin.o
LOAD /opt/st/stm32cubeide_1.18.1_2/plugins/com.st.stm32cube.ide.mcu.externaltools.gnu-tools-for-stm32.13.3.rel1.linux64_1.0.0.202410170706/tools/bin/../lib/gcc/arm-none-eabi/13.3.1/../../../../arm-none-eabi/lib/thumb/v7e-m+fp/hard/crt0.o
LOAD ./Common/Src/system_stm32h7xx_dualcore_boot_cm4_cm7.o
LOAD ./Core/Src/app_sensor_manager.o
LOAD ./Core/Src/bsp_gpio.o
LOAD ./Core/Src/drv_vl53l5x.o
LOAD ./Core/Src/freertos.o
LOAD ./Core/Src/main.o
LOAD ./Core/Src/stm32h7xx_hal_msp.o
LOAD ./Core/Src/stm32h7xx_it.o
LOAD ./Core/Src/syscalls.o
LOAD ./Core/Src/sysmem.o
LOAD ./Core/Startup/startup_stm32h755zitx.o
LOAD ./Drivers/BSP/STM32H7xx_Nucleo/stm32h7xx_nucleo.o
LOAD ./Drivers/STM32H7xx_HAL_Driver/stm32h7xx_hal.o
LOAD ./Drivers/STM32H7xx_HAL_Driver/stm32h7xx_hal_cortex.o
LOAD ./Drivers/STM32H7xx_HAL_Driver/stm32h7xx_hal_dma.o
LOAD ./Drivers/STM32H7xx_HAL_Driver/stm32h7xx_hal_dma_ex.o
LOAD ./Drivers/STM32H7xx_HAL_Driver/stm32h7xx_hal_exti.o
LOAD ./Drivers/STM32H7xx_HAL_Driver/stm32h7xx_hal_flash.o
LOAD ./Drivers/STM32H7xx_HAL_Driver/stm32h7xx_hal_flash_ex.o
LOAD ./Drivers/STM32H7xx_HAL_Driver/stm32h7xx_hal_gpio.o
LOAD ./Drivers/STM32H7xx_HAL_Driver/stm32h7xx_hal_hsem.o
LOAD ./Drivers/STM32H7xx_HAL_Driver/stm32h7xx_hal_i2c.o
LOAD ./Drivers/STM32H7xx_HAL_Driver/stm32h7xx_hal_i2c_ex.o
LOAD ./Drivers/STM32H7xx_HAL_Driver/stm32h7xx_hal_mdma.o
LOAD ./Drivers/STM32H7xx_HAL_Driver/stm32h7xx_hal_pwr.o
LOAD ./Drivers/STM32H7xx_HAL_Driver/stm32h7xx_hal_pwr_ex.o
LOAD ./Drivers/STM32H7xx_HAL_Driver/stm32h7xx_hal_rcc.o
LOAD ./Drivers/STM32H7xx_HAL_Driver/stm32h7xx_hal_rcc_ex.o
LOAD ./Drivers/STM32H7xx_HAL_Driver/stm32h7xx_hal_uart.o
LOAD ./Drivers/STM32H7xx_HAL_Driver/stm32h7xx_hal_uart_ex.o
LOAD ./Drivers/STM32H7xx_HAL_Driver/stm32h7xx_hal_usart.o
LOAD ./Drivers/STM32H7xx_HAL_Driver/stm32h7xx_hal_usart_ex.o
LOAD ./Middlewares/Third_Party/FreeRTOS/cmsis_os2.o
LOAD ./Middlewares/Third_Party/FreeRTOS/croutine.o
LOAD ./Middlewares/Third_Party/FreeRTOS/event_groups.o
LOAD ./Middlewares/Third_Party/FreeRTOS/heap_4.o
LOAD ./Middlewares/Third_Party/FreeRTOS/list.o
LOAD ./Middlewares/Third_Party/FreeRTOS/port.o
LOAD ./Middlewares/Third_Party/FreeRTOS/queue.o
LOAD ./Middlewares/Third_Party/FreeRTOS/stream_buffer.o
LOAD ./Middlewares/Third_Party/FreeRTOS/tasks.o
LOAD ./Middlewares/Third_Party/FreeRTOS/timers.o
START GROUP
LOAD /opt/st/stm32cubeide_1.18.1_2/plugins/com.st.stm32cube.ide.mcu.externaltools.gnu-tools-for-stm32.13.3.rel1.linux64_1.0.0.202410170706/tools/bin/../lib/gcc/arm-none-eabi/13.3.1/../../../../arm-none-eabi/lib/thumb/v7e-m+fp/hard/libc_nano.a
LOAD /opt/st/stm32cubeide_1.18.1_2/plugins/com.st.stm32cube.ide.mcu.externaltools.gnu-tools-for-stm32.13.3.rel1.linux64_1.0.0.202410170706/tools/bin/../lib/gcc/arm-none-eabi/13.3.1/../../../../arm-none-eabi/lib/thumb/v7e-m+fp/hard/libm.a
END GROUP
START GROUP
LOAD /opt/st/stm32cubeide_1.18.1_2/plugins/com.st.stm32cube.ide.mcu.externaltools.gnu-tools-for-stm32.13.3.rel1.linux64_1.0.0.202410170706/tools/bin/../lib/gcc/arm-none-eabi/13.3.1/thumb/v7e-m+fp/hard/libgcc.a
LOAD /opt/st/stm32cubeide_1.18.1_2/plugins/com.st.stm32cube.ide.mcu.externaltools.gnu-tools-for-stm32.13.3.rel1.linux64_1.0.0.202410170706/tools/bin/../lib/gcc/arm-none-eabi/13.3.1/../../../../arm-none-eabi/lib/thumb/v7e-m+fp/hard/libc_nano.a
END GROUP
START GROUP
LOAD /opt/st/stm32cubeide_1.18.1_2/plugins/com.st.stm32cube.ide.mcu.externaltools.gnu-tools-for-stm32.13.3.rel1.linux64_1.0.0.202410170706/tools/bin/../lib/gcc/arm-none-eabi/13.3.1/thumb/v7e-m+fp/hard/libgcc.a
LOAD /opt/st/stm32cubeide_1.18.1_2/plugins/com.st.stm32cube.ide.mcu.externaltools.gnu-tools-for-stm32.13.3.rel1.linux64_1.0.0.202410170706/tools/bin/../lib/gcc/arm-none-eabi/13.3.1/../../../../arm-none-eabi/lib/thumb/v7e-m+fp/hard/libc_nano.a
LOAD /opt/st/stm32cubeide_1.18.1_2/plugins/com.st.stm32cube.ide.mcu.externaltools.gnu-tools-for-stm32.13.3.rel1.linux64_1.0.0.202410170706/tools/bin/../lib/gcc/arm-none-eabi/13.3.1/../../../../arm-none-eabi/lib/thumb/v7e-m+fp/hard/libnosys.a
END GROUP
START GROUP
LOAD /opt/st/stm32cubeide_1.18.1_2/plugins/com.st.stm32cube.ide.mcu.externaltools.gnu-tools-for-stm32.13.3.rel1.linux64_1.0.0.202410170706/tools/bin/../lib/gcc/arm-none-eabi/13.3.1/thumb/v7e-m+fp/hard/libgcc.a
LOAD /opt/st/stm32cubeide_1.18.1_2/plugins/com.st.stm32cube.ide.mcu.externaltools.gnu-tools-for-stm32.13.3.rel1.linux64_1.0.0.202410170706/tools/bin/../lib/gcc/arm-none-eabi/13.3.1/../../../../arm-none-eabi/lib/thumb/v7e-m+fp/hard/libc_nano.a
LOAD /opt/st/stm32cubeide_1.18.1_2/plugins/com.st.stm32cube.ide.mcu.externaltools.gnu-tools-for-stm32.13.3.rel1.linux64_1.0.0.202410170706/tools/bin/../lib/gcc/arm-none-eabi/13.3.1/../../../../arm-none-eabi/lib/thumb/v7e-m+fp/hard/libnosys.a
END GROUP
LOAD /opt/st/stm32cubeide_1.18.1_2/plugins/com.st.stm32cube.ide.mcu.externaltools.gnu-tools-for-stm32.13.3.rel1.linux64_1.0.0.202410170706/tools/bin/../lib/gcc/arm-none-eabi/13.3.1/thumb/v7e-m+fp/hard/crtend.o
LOAD /opt/st/stm32cubeide_1.18.1_2/plugins/com.st.stm32cube.ide.mcu.externaltools.gnu-tools-for-stm32.13.3.rel1.linux64_1.0.0.202410170706/tools/bin/../lib/gcc/arm-none-eabi/13.3.1/thumb/v7e-m+fp/hard/crtn.o
                0x10048000                        _estack = (ORIGIN (RAM) + LENGTH (RAM))
                0x00000200                        _Min_Heap_Size = 0x200
                0x00000400                        _Min_Stack_Size = 0x400

.isr_vector     0x08100000      0x298
                0x08100000                        . = ALIGN (0x4)
 *(.isr_vector)
 .isr_vector    0x08100000      0x298 ./Core/Startup/startup_stm32h755zitx.o
                0x08100000                g_pfnVectors
                0x08100298                        . = ALIGN (0x4)

.text           0x081002a0     0x6430
                0x081002a0                        . = ALIGN (0x4)
 *(.text)
 .text          0x081002a0       0x40 /opt/st/stm32cubeide_1.18.1_2/plugins/com.st.stm32cube.ide.mcu.externaltools.gnu-tools-for-stm32.13.3.rel1.linux64_1.0.0.202410170706/tools/bin/../lib/gcc/arm-none-eabi/13.3.1/thumb/v7e-m+fp/hard/crtbegin.o
 *(.text*)
 .text.SystemInit
                0x081002e0       0x30 ./Common/Src/system_stm32h7xx_dualcore_boot_cm4_cm7.o
                0x081002e0                SystemInit
 .text.ExitRun0Mode
                0x08100310       0x30 ./Common/Src/system_stm32h7xx_dualcore_boot_cm4_cm7.o
                0x08100310                ExitRun0Mode
 .text.app_sensor_manager_init
                0x08100340       0x24 ./Core/Src/app_sensor_manager.o
                0x08100340                app_sensor_manager_init
 .text.SensorManagerTask
                0x08100364       0x54 ./Core/Src/app_sensor_manager.o
 .text.vl5_write_reg
                0x081003b8       0x48 ./Core/Src/drv_vl53l5x.o
 .text.vl5_read_reg
                0x08100400       0x48 ./Core/Src/drv_vl53l5x.o
 .text.vl5_init
                0x08100448       0x44 ./Core/Src/drv_vl53l5x.o
                0x08100448                vl5_init
 .text.vl5_start_ranging
                0x0810048c       0x36 ./Core/Src/drv_vl53l5x.o
                0x0810048c                vl5_start_ranging
 .text.vl5_check_data_ready
                0x081004c2       0x20 ./Core/Src/drv_vl53l5x.o
                0x081004c2                vl5_check_data_ready
 .text.vl5_get_ranging_data
                0x081004e2       0x82 ./Core/Src/drv_vl53l5x.o
                0x081004e2                vl5_get_ranging_data
 .text.main     0x08100564       0x90 ./Core/Src/main.o
                0x08100564                main
 .text.MX_I2C1_Init
                0x081005f4       0x84 ./Core/Src/main.o
 .text.MX_GPIO_Init
                0x08100678       0x34 ./Core/Src/main.o
 .text.Error_Handler
                0x081006ac        0xc ./Core/Src/main.o
                0x081006ac                Error_Handler
 .text.HAL_MspInit
                0x081006b8       0x3c ./Core/Src/stm32h7xx_hal_msp.o
                0x081006b8                HAL_MspInit
 .text.HAL_I2C_MspInit
                0x081006f4       0xd4 ./Core/Src/stm32h7xx_hal_msp.o
                0x081006f4                HAL_I2C_MspInit
 .text.NMI_Handler
                0x081007c8        0x8 ./Core/Src/stm32h7xx_it.o
                0x081007c8                NMI_Handler
 .text.HardFault_Handler
                0x081007d0        0x8 ./Core/Src/stm32h7xx_it.o
                0x081007d0                HardFault_Handler
 .text.MemManage_Handler
                0x081007d8        0x8 ./Core/Src/stm32h7xx_it.o
                0x081007d8                MemManage_Handler
 .text.BusFault_Handler
                0x081007e0        0x8 ./Core/Src/stm32h7xx_it.o
                0x081007e0                BusFault_Handler
 .text.UsageFault_Handler
                0x081007e8        0x8 ./Core/Src/stm32h7xx_it.o
                0x081007e8                UsageFault_Handler
 .text.DebugMon_Handler
                0x081007f0        0xe ./Core/Src/stm32h7xx_it.o
                0x081007f0                DebugMon_Handler
 .text.SysTick_Handler
                0x081007fe       0x1a ./Core/Src/stm32h7xx_it.o
                0x081007fe                SysTick_Handler
 .text.Reset_Handler
                0x08100818       0x54 ./Core/Startup/startup_stm32h755zitx.o
                0x08100818                Reset_Handler
 .text.Default_Handler
                0x0810086c        0x2 ./Core/Startup/startup_stm32h755zitx.o
                0x0810086c                RTC_Alarm_IRQHandler
                0x0810086c                HASH_RNG_IRQHandler
                0x0810086c                EXTI2_IRQHandler
                0x0810086c                TIM8_CC_IRQHandler
                0x0810086c                HRTIM1_Master_IRQHandler
                0x0810086c                UART8_IRQHandler
                0x0810086c                SPI4_IRQHandler
                0x0810086c                TIM1_CC_IRQHandler
                0x0810086c                BDMA_Channel6_IRQHandler
                0x0810086c                DMA2_Stream5_IRQHandler
                0x0810086c                HRTIM1_FLT_IRQHandler
                0x0810086c                JPEG_IRQHandler
                0x0810086c                DMA1_Stream5_IRQHandler
                0x0810086c                BDMA_Channel1_IRQHandler
                0x0810086c                HRTIM1_TIMD_IRQHandler
                0x0810086c                TAMP_STAMP_IRQHandler
                0x0810086c                EXTI3_IRQHandler
                0x0810086c                LPTIM4_IRQHandler
                0x0810086c                TIM8_TRG_COM_TIM14_IRQHandler
                0x0810086c                LPTIM2_IRQHandler
                0x0810086c                DFSDM1_FLT1_IRQHandler
                0x0810086c                DMAMUX2_OVR_IRQHandler
                0x0810086c                TIM8_UP_TIM13_IRQHandler
                0x0810086c                I2C3_ER_IRQHandler
                0x0810086c                DFSDM1_FLT2_IRQHandler
                0x0810086c                MDMA_IRQHandler
                0x0810086c                LPTIM3_IRQHandler
                0x0810086c                HSEM1_IRQHandler
                0x0810086c                EXTI0_IRQHandler
                0x0810086c                I2C2_EV_IRQHandler
                0x0810086c                DMA1_Stream2_IRQHandler
                0x0810086c                FPU_IRQHandler
                0x0810086c                OTG_HS_WKUP_IRQHandler
                0x0810086c                FDCAN1_IT1_IRQHandler
                0x0810086c                LTDC_ER_IRQHandler
                0x0810086c                DMA2_Stream2_IRQHandler
                0x0810086c                HRTIM1_TIME_IRQHandler
                0x0810086c                SPI1_IRQHandler
                0x0810086c                TIM6_DAC_IRQHandler
                0x0810086c                DCMI_IRQHandler
                0x0810086c                HRTIM1_TIMC_IRQHandler
                0x0810086c                DMA2_Stream3_IRQHandler
                0x0810086c                SAI2_IRQHandler
                0x0810086c                DFSDM1_FLT3_IRQHandler
                0x0810086c                USART6_IRQHandler
                0x0810086c                TIM17_IRQHandler
                0x0810086c                USART3_IRQHandler
                0x0810086c                BDMA_Channel7_IRQHandler
                0x0810086c                CRYP_IRQHandler
                0x0810086c                LPTIM5_IRQHandler
                0x0810086c                UART5_IRQHandler
                0x0810086c                ADC3_IRQHandler
                0x0810086c                DMA2_Stream0_IRQHandler
                0x0810086c                TIM4_IRQHandler
                0x0810086c                BDMA_Channel2_IRQHandler
                0x0810086c                QUADSPI_IRQHandler
                0x0810086c                I2C1_EV_IRQHandler
                0x0810086c                DMA1_Stream6_IRQHandler
                0x0810086c                DMAMUX1_OVR_IRQHandler
                0x0810086c                DMA1_Stream1_IRQHandler
                0x0810086c                TIM16_IRQHandler
                0x0810086c                UART4_IRQHandler
                0x0810086c                BDMA_Channel5_IRQHandler
                0x0810086c                TIM3_IRQHandler
                0x0810086c                RCC_IRQHandler
                0x0810086c                TIM8_BRK_TIM12_IRQHandler
                0x0810086c                TIM1_TRG_COM_IRQHandler
                0x0810086c                Default_Handler
                0x0810086c                ECC_IRQHandler
                0x0810086c                CEC_IRQHandler
                0x0810086c                EXTI15_10_IRQHandler
                0x0810086c                BDMA_Channel0_IRQHandler
                0x0810086c                ADC_IRQHandler
                0x0810086c                DMA1_Stream7_IRQHandler
                0x0810086c                HRTIM1_TIMA_IRQHandler
                0x0810086c                SPI5_IRQHandler
                0x0810086c                TIM7_IRQHandler
                0x0810086c                SDMMC1_IRQHandler
                0x0810086c                TIM5_IRQHandler
                0x0810086c                DMA2_Stream7_IRQHandler
                0x0810086c                TIM15_IRQHandler
                0x0810086c                PVD_AVD_IRQHandler
                0x0810086c                I2C3_EV_IRQHandler
                0x0810086c                EXTI9_5_IRQHandler
                0x0810086c                RTC_WKUP_IRQHandler
                0x0810086c                LTDC_IRQHandler
                0x0810086c                SAI3_IRQHandler
                0x0810086c                ETH_WKUP_IRQHandler
                0x0810086c                SPDIF_RX_IRQHandler
                0x0810086c                SPI2_IRQHandler
                0x0810086c                OTG_HS_EP1_IN_IRQHandler
                0x0810086c                DMA1_Stream0_IRQHandler
                0x0810086c                CRS_IRQHandler
                0x0810086c                CM7_SEV_IRQHandler
                0x0810086c                EXTI4_IRQHandler
                0x0810086c                CM4_SEV_IRQHandler
                0x0810086c                HRTIM1_TIMB_IRQHandler
                0x0810086c                FDCAN2_IT1_IRQHandler
                0x0810086c                ETH_IRQHandler
                0x0810086c                TIM1_UP_IRQHandler
                0x0810086c                WWDG_RST_IRQHandler
                0x0810086c                BDMA_Channel4_IRQHandler
                0x0810086c                OTG_HS_EP1_OUT_IRQHandler
                0x0810086c                WWDG_IRQHandler
                0x0810086c                SPI6_IRQHandler
                0x0810086c                MDIOS_IRQHandler
                0x0810086c                I2C4_EV_IRQHandler
                0x0810086c                FDCAN2_IT0_IRQHandler
                0x0810086c                LPUART1_IRQHandler
                0x0810086c                FDCAN1_IT0_IRQHandler
                0x0810086c                TIM2_IRQHandler
                0x0810086c                OTG_FS_WKUP_IRQHandler
                0x0810086c                OTG_HS_IRQHandler
                0x0810086c                HSEM2_IRQHandler
                0x0810086c                DMA2D_IRQHandler
                0x0810086c                TIM1_BRK_IRQHandler
                0x0810086c                EXTI1_IRQHandler
                0x0810086c                SDMMC2_IRQHandler
                0x0810086c                OTG_FS_EP1_OUT_IRQHandler
                0x0810086c                BDMA_Channel3_IRQHandler
                0x0810086c                HOLD_CORE_IRQHandler
                0x0810086c                UART7_IRQHandler
                0x0810086c                MDIOS_WKUP_IRQHandler
                0x0810086c                USART2_IRQHandler
                0x0810086c                DFSDM1_FLT0_IRQHandler
                0x0810086c                SAI4_IRQHandler
                0x0810086c                I2C2_ER_IRQHandler
                0x0810086c                DMA2_Stream1_IRQHandler
                0x0810086c                FLASH_IRQHandler
                0x0810086c                DMA2_Stream4_IRQHandler
                0x0810086c                USART1_IRQHandler
                0x0810086c                OTG_FS_IRQHandler
                0x0810086c                SPI3_IRQHandler
                0x0810086c                WAKEUP_PIN_IRQHandler
                0x0810086c                DMA1_Stream4_IRQHandler
                0x0810086c                OTG_FS_EP1_IN_IRQHandler
                0x0810086c                I2C1_ER_IRQHandler
                0x0810086c                FMC_IRQHandler
                0x0810086c                FDCAN_CAL_IRQHandler
                0x0810086c                SWPMI1_IRQHandler
                0x0810086c                COMP1_IRQHandler
                0x0810086c                LPTIM1_IRQHandler
                0x0810086c                I2C4_ER_IRQHandler
                0x0810086c                DMA2_Stream6_IRQHandler
                0x0810086c                SAI1_IRQHandler
                0x0810086c                DMA1_Stream3_IRQHandler
 *fill*         0x0810086e        0x2 
 .text.HAL_Init
                0x08100870       0xbc ./Drivers/STM32H7xx_HAL_Driver/stm32h7xx_hal.o
                0x08100870                HAL_Init
 .text.HAL_InitTick
                0x0810092c       0x6c ./Drivers/STM32H7xx_HAL_Driver/stm32h7xx_hal.o
                0x0810092c                HAL_InitTick
 .text.HAL_IncTick
                0x08100998       0x28 ./Drivers/STM32H7xx_HAL_Driver/stm32h7xx_hal.o
                0x08100998                HAL_IncTick
 .text.HAL_GetTick
                0x081009c0       0x18 ./Drivers/STM32H7xx_HAL_Driver/stm32h7xx_hal.o
                0x081009c0                HAL_GetTick
 .text.__NVIC_SetPriorityGrouping
                0x081009d8       0x48 ./Drivers/STM32H7xx_HAL_Driver/stm32h7xx_hal_cortex.o
 .text.__NVIC_GetPriorityGrouping
                0x08100a20       0x1c ./Drivers/STM32H7xx_HAL_Driver/stm32h7xx_hal_cortex.o
 .text.__NVIC_SetPriority
                0x08100a3c       0x54 ./Drivers/STM32H7xx_HAL_Driver/stm32h7xx_hal_cortex.o
 .text.NVIC_EncodePriority
                0x08100a90       0x66 ./Drivers/STM32H7xx_HAL_Driver/stm32h7xx_hal_cortex.o
 *fill*         0x08100af6        0x2 
 .text.SysTick_Config
                0x08100af8       0x44 ./Drivers/STM32H7xx_HAL_Driver/stm32h7xx_hal_cortex.o
 .text.HAL_NVIC_SetPriorityGrouping
                0x08100b3c       0x16 ./Drivers/STM32H7xx_HAL_Driver/stm32h7xx_hal_cortex.o
                0x08100b3c                HAL_NVIC_SetPriorityGrouping
 .text.HAL_NVIC_SetPriority
                0x08100b52       0x34 ./Drivers/STM32H7xx_HAL_Driver/stm32h7xx_hal_cortex.o
                0x08100b52                HAL_NVIC_SetPriority
 .text.HAL_SYSTICK_Config
                0x08100b86       0x18 ./Drivers/STM32H7xx_HAL_Driver/stm32h7xx_hal_cortex.o
                0x08100b86                HAL_SYSTICK_Config
 *fill*         0x08100b9e        0x2 
 .text.HAL_GetCurrentCPUID
                0x08100ba0       0x24 ./Drivers/STM32H7xx_HAL_Driver/stm32h7xx_hal_cortex.o
                0x08100ba0                HAL_GetCurrentCPUID
 .text.HAL_GPIO_Init
                0x08100bc4      0x360 ./Drivers/STM32H7xx_HAL_Driver/stm32h7xx_hal_gpio.o
                0x08100bc4                HAL_GPIO_Init
 .text.HAL_HSEM_ActivateNotification
                0x08100f24       0x24 ./Drivers/STM32H7xx_HAL_Driver/stm32h7xx_hal_hsem.o
                0x08100f24                HAL_HSEM_ActivateNotification
 .text.HAL_I2C_Init
                0x08100f48      0x136 ./Drivers/STM32H7xx_HAL_Driver/stm32h7xx_hal_i2c.o
                0x08100f48                HAL_I2C_Init
 *fill*         0x0810107e        0x2 
 .text.HAL_I2C_Mem_Write
                0x08101080      0x228 ./Drivers/STM32H7xx_HAL_Driver/stm32h7xx_hal_i2c.o
                0x08101080                HAL_I2C_Mem_Write
 .text.HAL_I2C_Mem_Read
                0x081012a8      0x234 ./Drivers/STM32H7xx_HAL_Driver/stm32h7xx_hal_i2c.o
                0x081012a8                HAL_I2C_Mem_Read
 .text.HAL_I2C_IsDeviceReady
                0x081014dc      0x20a ./Drivers/STM32H7xx_HAL_Driver/stm32h7xx_hal_i2c.o
                0x081014dc                HAL_I2C_IsDeviceReady
 *fill*         0x081016e6        0x2 
 .text.I2C_RequestMemoryWrite
                0x081016e8       0xa8 ./Drivers/STM32H7xx_HAL_Driver/stm32h7xx_hal_i2c.o
 .text.I2C_RequestMemoryRead
                0x08101790       0xa8 ./Drivers/STM32H7xx_HAL_Driver/stm32h7xx_hal_i2c.o
 .text.I2C_Flush_TXDR
                0x08101838       0x48 ./Drivers/STM32H7xx_HAL_Driver/stm32h7xx_hal_i2c.o
 .text.I2C_WaitOnFlagUntilTimeout
                0x08101880       0xb2 ./Drivers/STM32H7xx_HAL_Driver/stm32h7xx_hal_i2c.o
 .text.I2C_WaitOnTXISFlagUntilTimeout
                0x08101932       0x8e ./Drivers/STM32H7xx_HAL_Driver/stm32h7xx_hal_i2c.o
 .text.I2C_WaitOnSTOPFlagUntilTimeout
                0x081019c0       0x86 ./Drivers/STM32H7xx_HAL_Driver/stm32h7xx_hal_i2c.o
 *fill*         0x08101a46        0x2 
 .text.I2C_IsErrorOccurred
                0x08101a48      0x1c0 ./Drivers/STM32H7xx_HAL_Driver/stm32h7xx_hal_i2c.o
 .text.I2C_TransferConfig
                0x08101c08       0x64 ./Drivers/STM32H7xx_HAL_Driver/stm32h7xx_hal_i2c.o
 .text.HAL_I2CEx_ConfigAnalogFilter
                0x08101c6c       0x96 ./Drivers/STM32H7xx_HAL_Driver/stm32h7xx_hal_i2c_ex.o
                0x08101c6c                HAL_I2CEx_ConfigAnalogFilter
 .text.HAL_I2CEx_ConfigDigitalFilter
                0x08101d02       0x98 ./Drivers/STM32H7xx_HAL_Driver/stm32h7xx_hal_i2c_ex.o
                0x08101d02                HAL_I2CEx_ConfigDigitalFilter
 *fill*         0x08101d9a        0x2 
 .text.HAL_I2CEx_EnableFastModePlus
                0x08101d9c       0x48 ./Drivers/STM32H7xx_HAL_Driver/stm32h7xx_hal_i2c_ex.o
                0x08101d9c                HAL_I2CEx_EnableFastModePlus
 .text.HAL_PWREx_EnterSTOPMode
                0x08101de4       0xf4 ./Drivers/STM32H7xx_HAL_Driver/stm32h7xx_hal_pwr_ex.o
                0x08101de4                HAL_PWREx_EnterSTOPMode
 .text.HAL_PWREx_ClearPendingEvent
                0x08101ed8       0x1a ./Drivers/STM32H7xx_HAL_Driver/stm32h7xx_hal_pwr_ex.o
                0x08101ed8                HAL_PWREx_ClearPendingEvent
 *fill*         0x08101ef2        0x2 
 .text.HAL_RCC_GetSysClockFreq
                0x08101ef4      0x2f4 ./Drivers/STM32H7xx_HAL_Driver/stm32h7xx_hal_rcc.o
                0x08101ef4                HAL_RCC_GetSysClockFreq
 .text.HAL_RCCEx_PeriphCLKConfig
                0x081021e8     0x1414 ./Drivers/STM32H7xx_HAL_Driver/stm32h7xx_hal_rcc_ex.o
                0x081021e8                HAL_RCCEx_PeriphCLKConfig
 .text.RCCEx_PLL2_Config
                0x081035fc      0x164 ./Drivers/STM32H7xx_HAL_Driver/stm32h7xx_hal_rcc_ex.o
 .text.RCCEx_PLL3_Config
                0x08103760      0x164 ./Drivers/STM32H7xx_HAL_Driver/stm32h7xx_hal_rcc_ex.o
 .text.__NVIC_SetPriority
                0x081038c4       0x54 ./Middlewares/Third_Party/FreeRTOS/cmsis_os2.o
 .text.SVC_Setup
                0x08103918       0x12 ./Middlewares/Third_Party/FreeRTOS/cmsis_os2.o
 *fill*         0x0810392a        0x2 
 .text.osKernelInitialize
                0x0810392c       0x48 ./Middlewares/Third_Party/FreeRTOS/cmsis_os2.o
                0x0810392c                osKernelInitialize
 .text.osKernelStart
                0x08103974       0x4c ./Middlewares/Third_Party/FreeRTOS/cmsis_os2.o
                0x08103974                osKernelStart
 .text.osThreadNew
                0x081039c0      0x124 ./Middlewares/Third_Party/FreeRTOS/cmsis_os2.o
                0x081039c0                osThreadNew
 .text.osThreadTerminate
                0x08103ae4       0x5a ./Middlewares/Third_Party/FreeRTOS/cmsis_os2.o
                0x08103ae4                osThreadTerminate
 .text.osDelay  0x08103b3e       0x36 ./Middlewares/Third_Party/FreeRTOS/cmsis_os2.o
                0x08103b3e                osDelay
 .text.vApplicationGetIdleTaskMemory
                0x08103b74       0x34 ./Middlewares/Third_Party/FreeRTOS/cmsis_os2.o
                0x08103b74                vApplicationGetIdleTaskMemory
 .text.vApplicationGetTimerTaskMemory
                0x08103ba8       0x34 ./Middlewares/Third_Party/FreeRTOS/cmsis_os2.o
                0x08103ba8                vApplicationGetTimerTaskMemory
 .text.pvPortMalloc
                0x08103bdc      0x19c ./Middlewares/Third_Party/FreeRTOS/heap_4.o
                0x08103bdc                pvPortMalloc
 .text.vPortFree
                0x08103d78       0xc8 ./Middlewares/Third_Party/FreeRTOS/heap_4.o
                0x08103d78                vPortFree
 .text.prvHeapInit
                0x08103e40       0xc4 ./Middlewares/Third_Party/FreeRTOS/heap_4.o
 .text.prvInsertBlockIntoFreeList
                0x08103f04       0xb4 ./Middlewares/Third_Party/FreeRTOS/heap_4.o
 .text.vListInitialise
                0x08103fb8       0x40 ./Middlewares/Third_Party/FreeRTOS/list.o
                0x08103fb8                vListInitialise
 .text.vListInitialiseItem
                0x08103ff8       0x1a ./Middlewares/Third_Party/FreeRTOS/list.o
                0x08103ff8                vListInitialiseItem
 .text.vListInsertEnd
                0x08104012       0x48 ./Middlewares/Third_Party/FreeRTOS/list.o
                0x08104012                vListInsertEnd
 .text.vListInsert
                0x0810405a       0x72 ./Middlewares/Third_Party/FreeRTOS/list.o
                0x0810405a                vListInsert
 .text.uxListRemove
                0x081040cc       0x54 ./Middlewares/Third_Party/FreeRTOS/list.o
                0x081040cc                uxListRemove
 .text.pxPortInitialiseStack
                0x08104120       0x68 ./Middlewares/Third_Party/FreeRTOS/port.o
                0x08104120                pxPortInitialiseStack
 .text.prvTaskExitError
                0x08104188       0x5c ./Middlewares/Third_Party/FreeRTOS/port.o
 *fill*         0x081041e4        0xc 
 .text.SVC_Handler
                0x081041f0       0x28 ./Middlewares/Third_Party/FreeRTOS/port.o
                0x081041f0                SVC_Handler
 .text.prvPortStartFirstTask
                0x08104218       0x28 ./Middlewares/Third_Party/FreeRTOS/port.o
 .text.xPortStartScheduler
                0x08104240      0x148 ./Middlewares/Third_Party/FreeRTOS/port.o
                0x08104240                xPortStartScheduler
 .text.vPortEnterCritical
                0x08104388       0x64 ./Middlewares/Third_Party/FreeRTOS/port.o
                0x08104388                vPortEnterCritical
 .text.vPortExitCritical
                0x081043ec       0x54 ./Middlewares/Third_Party/FreeRTOS/port.o
                0x081043ec                vPortExitCritical
 .text.PendSV_Handler
                0x08104440       0x68 ./Middlewares/Third_Party/FreeRTOS/port.o
                0x08104440                PendSV_Handler
 .text.xPortSysTickHandler
                0x081044a8       0x44 ./Middlewares/Third_Party/FreeRTOS/port.o
                0x081044a8                xPortSysTickHandler
 .text.vPortSetupTimerInterrupt
                0x081044ec       0x48 ./Middlewares/Third_Party/FreeRTOS/port.o
                0x081044ec                vPortSetupTimerInterrupt
 .text.vPortEnableVFP
                0x08104534       0x14 ./Middlewares/Third_Party/FreeRTOS/port.o
 .text.vPortValidateInterruptPriority
                0x08104548       0x84 ./Middlewares/Third_Party/FreeRTOS/port.o
                0x08104548                vPortValidateInterruptPriority
 .text.xQueueGenericReset
                0x081045cc       0xd4 ./Middlewares/Third_Party/FreeRTOS/queue.o
                0x081045cc                xQueueGenericReset
 .text.xQueueGenericCreateStatic
                0x081046a0       0xfa ./Middlewares/Third_Party/FreeRTOS/queue.o
                0x081046a0                xQueueGenericCreateStatic
 .text.prvInitialiseNewQueue
                0x0810479a       0x46 ./Middlewares/Third_Party/FreeRTOS/queue.o
 .text.xQueueGenericSend
                0x081047e0      0x204 ./Middlewares/Third_Party/FreeRTOS/queue.o
                0x081047e0                xQueueGenericSend
 .text.xQueueGenericSendFromISR
                0x081049e4      0x13c ./Middlewares/Third_Party/FreeRTOS/queue.o
                0x081049e4                xQueueGenericSendFromISR
 .text.xQueueReceive
                0x08104b20      0x1c4 ./Middlewares/Third_Party/FreeRTOS/queue.o
                0x08104b20                xQueueReceive
 .text.prvCopyDataToQueue
                0x08104ce4       0xd4 ./Middlewares/Third_Party/FreeRTOS/queue.o
 .text.prvCopyDataFromQueue
                0x08104db8       0x4c ./Middlewares/Third_Party/FreeRTOS/queue.o
 .text.prvUnlockQueue
                0x08104e04       0xa4 ./Middlewares/Third_Party/FreeRTOS/queue.o
 .text.prvIsQueueEmpty
                0x08104ea8       0x2c ./Middlewares/Third_Party/FreeRTOS/queue.o
 .text.prvIsQueueFull
                0x08104ed4       0x30 ./Middlewares/Third_Party/FreeRTOS/queue.o
 .text.vQueueAddToRegistry
                0x08104f04       0x54 ./Middlewares/Third_Party/FreeRTOS/queue.o
                0x08104f04                vQueueAddToRegistry
 .text.vQueueWaitForMessageRestricted
                0x08104f58       0x68 ./Middlewares/Third_Party/FreeRTOS/queue.o
                0x08104f58                vQueueWaitForMessageRestricted
 .text.xTaskCreateStatic
                0x08104fc0       0xc0 ./Middlewares/Third_Party/FreeRTOS/tasks.o
                0x08104fc0                xTaskCreateStatic
 .text.xTaskCreate
                0x08105080       0x8a ./Middlewares/Third_Party/FreeRTOS/tasks.o
                0x08105080                xTaskCreate
 .text.prvInitialiseNewTask
                0x0810510a      0x120 ./Middlewares/Third_Party/FreeRTOS/tasks.o
 *fill*         0x0810522a        0x2 
 .text.prvAddNewTaskToReadyList
                0x0810522c       0xe0 ./Middlewares/Third_Party/FreeRTOS/tasks.o
 .text.vTaskDelete
                0x0810530c       0xe8 ./Middlewares/Third_Party/FreeRTOS/tasks.o
                0x0810530c                vTaskDelete
 .text.vTaskDelay
                0x081053f4       0x6c ./Middlewares/Third_Party/FreeRTOS/tasks.o
                0x081053f4                vTaskDelay
 .text.eTaskGetState
                0x08105460       0xd0 ./Middlewares/Third_Party/FreeRTOS/tasks.o
                0x08105460                eTaskGetState
 .text.vTaskStartScheduler
                0x08105530       0xd0 ./Middlewares/Third_Party/FreeRTOS/tasks.o
                0x08105530                vTaskStartScheduler
 .text.vTaskSuspendAll
                0x08105600       0x1c ./Middlewares/Third_Party/FreeRTOS/tasks.o
                0x08105600                vTaskSuspendAll
 .text.xTaskResumeAll
                0x0810561c      0x13c ./Middlewares/Third_Party/FreeRTOS/tasks.o
                0x0810561c                xTaskResumeAll
 .text.xTaskGetTickCount
                0x08105758       0x20 ./Middlewares/Third_Party/FreeRTOS/tasks.o
                0x08105758                xTaskGetTickCount
 .text.xTaskIncrementTick
                0x08105778      0x174 ./Middlewares/Third_Party/FreeRTOS/tasks.o
                0x08105778                xTaskIncrementTick
 .text.vTaskSwitchContext
                0x081058ec       0xbc ./Middlewares/Third_Party/FreeRTOS/tasks.o
                0x081058ec                vTaskSwitchContext
 .text.vTaskPlaceOnEventList
                0x081059a8       0x4c ./Middlewares/Third_Party/FreeRTOS/tasks.o
                0x081059a8                vTaskPlaceOnEventList
 .text.vTaskPlaceOnEventListRestricted
                0x081059f4       0x58 ./Middlewares/Third_Party/FreeRTOS/tasks.o
                0x081059f4                vTaskPlaceOnEventListRestricted
 .text.xTaskRemoveFromEventList
                0x08105a4c       0xc8 ./Middlewares/Third_Party/FreeRTOS/tasks.o
                0x08105a4c                xTaskRemoveFromEventList
 .text.vTaskInternalSetTimeOutState
                0x08105b14       0x2c ./Middlewares/Third_Party/FreeRTOS/tasks.o
                0x08105b14                vTaskInternalSetTimeOutState
 .text.xTaskCheckForTimeOut
                0x08105b40       0xc8 ./Middlewares/Third_Party/FreeRTOS/tasks.o
                0x08105b40                xTaskCheckForTimeOut
 .text.vTaskMissedYield
                0x08105c08       0x18 ./Middlewares/Third_Party/FreeRTOS/tasks.o
                0x08105c08                vTaskMissedYield
 .text.prvIdleTask
                0x08105c20       0x30 ./Middlewares/Third_Party/FreeRTOS/tasks.o
 .text.prvInitialiseTaskLists
                0x08105c50       0x80 ./Middlewares/Third_Party/FreeRTOS/tasks.o
 .text.prvCheckTasksWaitingTermination
                0x08105cd0       0x5c ./Middlewares/Third_Party/FreeRTOS/tasks.o
 .text.prvDeleteTCB
                0x08105d2c       0x60 ./Middlewares/Third_Party/FreeRTOS/tasks.o
 .text.prvResetNextTaskUnblockTime
                0x08105d8c       0x40 ./Middlewares/Third_Party/FreeRTOS/tasks.o
 .text.xTaskGetSchedulerState
                0x08105dcc       0x3c ./Middlewares/Third_Party/FreeRTOS/tasks.o
                0x08105dcc                xTaskGetSchedulerState
 .text.xTaskPriorityDisinherit
                0x08105e08       0xe0 ./Middlewares/Third_Party/FreeRTOS/tasks.o
                0x08105e08                xTaskPriorityDisinherit
 .text.prvAddCurrentTaskToDelayedList
                0x08105ee8       0xa8 ./Middlewares/Third_Party/FreeRTOS/tasks.o
 .text.xTimerCreateTimerTask
                0x08105f90       0x94 ./Middlewares/Third_Party/FreeRTOS/timers.o
                0x08105f90                xTimerCreateTimerTask
 .text.xTimerGenericCommand
                0x08106024       0x9c ./Middlewares/Third_Party/FreeRTOS/timers.o
                0x08106024                xTimerGenericCommand
 .text.prvProcessExpiredTimer
                0x081060c0       0x9c ./Middlewares/Third_Party/FreeRTOS/timers.o
 .text.prvTimerTask
                0x0810615c       0x26 ./Middlewares/Third_Party/FreeRTOS/timers.o
 *fill*         0x08106182        0x2 
 .text.prvProcessTimerOrBlockTask
                0x08106184       0x9c ./Middlewares/Third_Party/FreeRTOS/timers.o
 .text.prvGetNextExpireTime
                0x08106220       0x48 ./Middlewares/Third_Party/FreeRTOS/timers.o
 .text.prvSampleTimeNow
                0x08106268       0x40 ./Middlewares/Third_Party/FreeRTOS/timers.o
 .text.prvInsertTimerInActiveList
                0x081062a8       0x84 ./Middlewares/Third_Party/FreeRTOS/timers.o
 .text.prvProcessReceivedCommands
                0x0810632c      0x1cc ./Middlewares/Third_Party/FreeRTOS/timers.o
 .text.prvSwitchTimerLists
                0x081064f8       0xcc ./Middlewares/Third_Party/FreeRTOS/timers.o
 .text.prvCheckForValidListAndQueue
                0x081065c4       0x80 ./Middlewares/Third_Party/FreeRTOS/timers.o
 .text.memset   0x08106644       0x10 /opt/st/stm32cubeide_1.18.1_2/plugins/com.st.stm32cube.ide.mcu.externaltools.gnu-tools-for-stm32.13.3.rel1.linux64_1.0.0.202410170706/tools/bin/../lib/gcc/arm-none-eabi/13.3.1/../../../../arm-none-eabi/lib/thumb/v7e-m+fp/hard/libc_nano.a(libc_a-memset.o)
                0x08106644                memset
 .text.__libc_init_array
                0x08106654       0x48 /opt/st/stm32cubeide_1.18.1_2/plugins/com.st.stm32cube.ide.mcu.externaltools.gnu-tools-for-stm32.13.3.rel1.linux64_1.0.0.202410170706/tools/bin/../lib/gcc/arm-none-eabi/13.3.1/../../../../arm-none-eabi/lib/thumb/v7e-m+fp/hard/libc_nano.a(libc_a-init.o)
                0x08106654                __libc_init_array
 .text.memcpy   0x0810669c       0x1c /opt/st/stm32cubeide_1.18.1_2/plugins/com.st.stm32cube.ide.mcu.externaltools.gnu-tools-for-stm32.13.3.rel1.linux64_1.0.0.202410170706/tools/bin/../lib/gcc/arm-none-eabi/13.3.1/../../../../arm-none-eabi/lib/thumb/v7e-m+fp/hard/libc_nano.a(libc_a-memcpy-stub.o)
                0x0810669c                memcpy
 *(.glue_7)
 .glue_7        0x081066b8        0x0 linker stubs
 *(.glue_7t)
 .glue_7t       0x081066b8        0x0 linker stubs
 *(.eh_frame)
 .eh_frame      0x081066b8        0x0 /opt/st/stm32cubeide_1.18.1_2/plugins/com.st.stm32cube.ide.mcu.externaltools.gnu-tools-for-stm32.13.3.rel1.linux64_1.0.0.202410170706/tools/bin/../lib/gcc/arm-none-eabi/13.3.1/thumb/v7e-m+fp/hard/crtbegin.o
 *(.init)
 .init          0x081066b8        0x4 /opt/st/stm32cubeide_1.18.1_2/plugins/com.st.stm32cube.ide.mcu.externaltools.gnu-tools-for-stm32.13.3.rel1.linux64_1.0.0.202410170706/tools/bin/../lib/gcc/arm-none-eabi/13.3.1/thumb/v7e-m+fp/hard/crti.o
                0x081066b8                _init
 .init          0x081066bc        0x8 /opt/st/stm32cubeide_1.18.1_2/plugins/com.st.stm32cube.ide.mcu.externaltools.gnu-tools-for-stm32.13.3.rel1.linux64_1.0.0.202410170706/tools/bin/../lib/gcc/arm-none-eabi/13.3.1/thumb/v7e-m+fp/hard/crtn.o
 *(.fini)
 .fini          0x081066c4        0x4 /opt/st/stm32cubeide_1.18.1_2/plugins/com.st.stm32cube.ide.mcu.externaltools.gnu-tools-for-stm32.13.3.rel1.linux64_1.0.0.202410170706/tools/bin/../lib/gcc/arm-none-eabi/13.3.1/thumb/v7e-m+fp/hard/crti.o
                0x081066c4                _fini
 .fini          0x081066c8        0x8 /opt/st/stm32cubeide_1.18.1_2/plugins/com.st.stm32cube.ide.mcu.externaltools.gnu-tools-for-stm32.13.3.rel1.linux64_1.0.0.202410170706/tools/bin/../lib/gcc/arm-none-eabi/13.3.1/thumb/v7e-m+fp/hard/crtn.o
                0x081066d0                        . = ALIGN (0x4)
                0x081066d0                        _etext = .

.vfp11_veneer   0x081066d0        0x0
 .vfp11_veneer  0x081066d0        0x0 linker stubs

.v4_bx          0x081066d0        0x0
 .v4_bx         0x081066d0        0x0 linker stubs

.iplt           0x081066d0        0x0
 .iplt          0x081066d0        0x0 /opt/st/stm32cubeide_1.18.1_2/plugins/com.st.stm32cube.ide.mcu.externaltools.gnu-tools-for-stm32.13.3.rel1.linux64_1.0.0.202410170706/tools/bin/../lib/gcc/arm-none-eabi/13.3.1/thumb/v7e-m+fp/hard/crtbegin.o

.rodata         0x081066d0       0x58
                0x081066d0                        . = ALIGN (0x4)
 *(.rodata)
 .rodata        0x081066d0        0xb ./Core/Src/app_sensor_manager.o
 *fill*         0x081066db        0x1 
 .rodata        0x081066dc        0x5 ./Middlewares/Third_Party/FreeRTOS/tasks.o
 *fill*         0x081066e1        0x3 
 .rodata        0x081066e4        0xd ./Middlewares/Third_Party/FreeRTOS/timers.o
 *(.rodata*)
 *fill*         0x081066f1        0x3 
 .rodata.D1CorePrescTable
                0x081066f4       0x10 ./Common/Src/system_stm32h7xx_dualcore_boot_cm4_cm7.o
                0x081066f4                D1CorePrescTable
 .rodata.sensorTask_attributes
                0x08106704       0x24 ./Core/Src/app_sensor_manager.o
                0x08106704                sensorTask_attributes
                0x08106728                        . = ALIGN (0x4)

.ARM.extab
 *(.ARM.extab* .gnu.linkonce.armextab.*)

.ARM            0x08106728        0x0
                0x08106728                        __exidx_start = .
 *(.ARM.exidx*)
                0x08106728                        __exidx_end = .

.preinit_array  0x08106728        0x0
                0x08106728                        PROVIDE (__preinit_array_start = .)
 *(.preinit_array*)
                0x08106728                        PROVIDE (__preinit_array_end = .)

.init_array     0x08106728        0x4
                0x08106728                        PROVIDE (__init_array_start = .)
 *(SORT_BY_NAME(.init_array.*))
 *(.init_array*)
 .init_array    0x08106728        0x4 /opt/st/stm32cubeide_1.18.1_2/plugins/com.st.stm32cube.ide.mcu.externaltools.gnu-tools-for-stm32.13.3.rel1.linux64_1.0.0.202410170706/tools/bin/../lib/gcc/arm-none-eabi/13.3.1/thumb/v7e-m+fp/hard/crtbegin.o
                0x0810672c                        PROVIDE (__init_array_end = .)

.fini_array     0x0810672c        0x4
                [!provide]                        PROVIDE (__fini_array_start = .)
 *(SORT_BY_NAME(.fini_array.*))
 *(.fini_array*)
 .fini_array    0x0810672c        0x4 /opt/st/stm32cubeide_1.18.1_2/plugins/com.st.stm32cube.ide.mcu.externaltools.gnu-tools-for-stm32.13.3.rel1.linux64_1.0.0.202410170706/tools/bin/../lib/gcc/arm-none-eabi/13.3.1/thumb/v7e-m+fp/hard/crtbegin.o
                [!provide]                        PROVIDE (__fini_array_end = .)
                0x08106730                        _sidata = LOADADDR (.data)

.rel.dyn        0x08106730        0x0
 .rel.iplt      0x08106730        0x0 /opt/st/stm32cubeide_1.18.1_2/plugins/com.st.stm32cube.ide.mcu.externaltools.gnu-tools-for-stm32.13.3.rel1.linux64_1.0.0.202410170706/tools/bin/../lib/gcc/arm-none-eabi/13.3.1/thumb/v7e-m+fp/hard/crtbegin.o

.data           0x10000000       0x14 load address 0x08106730
                0x10000000                        . = ALIGN (0x4)
                0x10000000                        _sdata = .
 *(.data)
 *(.data*)
 .data.SystemCoreClock
                0x10000000        0x4 ./Common/Src/system_stm32h7xx_dualcore_boot_cm4_cm7.o
                0x10000000                SystemCoreClock
 .data.SystemD2Clock
                0x10000004        0x4 ./Common/Src/system_stm32h7xx_dualcore_boot_cm4_cm7.o
                0x10000004                SystemD2Clock
 .data.uwTickPrio
                0x10000008        0x4 ./Drivers/STM32H7xx_HAL_Driver/stm32h7xx_hal.o
                0x10000008                uwTickPrio
 .data.uwTickFreq
                0x1000000c        0x1 ./Drivers/STM32H7xx_HAL_Driver/stm32h7xx_hal.o
                0x1000000c                uwTickFreq
 *fill*         0x1000000d        0x3 
 .data.uxCriticalNesting
                0x10000010        0x4 ./Middlewares/Third_Party/FreeRTOS/port.o
 *(.RamFunc)
 *(.RamFunc*)
                0x10000014                        . = ALIGN (0x4)
                0x10000014                        _edata = .

.igot.plt       0x10000014        0x0 load address 0x08106744
 .igot.plt      0x10000014        0x0 /opt/st/stm32cubeide_1.18.1_2/plugins/com.st.stm32cube.ide.mcu.externaltools.gnu-tools-for-stm32.13.3.rel1.linux64_1.0.0.202410170706/tools/bin/../lib/gcc/arm-none-eabi/13.3.1/thumb/v7e-m+fp/hard/crtbegin.o
                0x10000014                        . = ALIGN (0x4)

.bss            0x10000014     0x4a50 load address 0x08106744
                0x10000014                        _sbss = .
                0x10000014                        __bss_start__ = _sbss
 *(.bss)
 .bss           0x10000014       0x1c /opt/st/stm32cubeide_1.18.1_2/plugins/com.st.stm32cube.ide.mcu.externaltools.gnu-tools-for-stm32.13.3.rel1.linux64_1.0.0.202410170706/tools/bin/../lib/gcc/arm-none-eabi/13.3.1/thumb/v7e-m+fp/hard/crtbegin.o
 *(.bss*)
 .bss.sensorTaskHandle
                0x10000030        0x4 ./Core/Src/app_sensor_manager.o
                0x10000030                sensorTaskHandle
 .bss.tof_sensor
                0x10000034        0x8 ./Core/Src/app_sensor_manager.o
 .bss.distance_matrix
                0x1000003c       0x80 ./Core/Src/app_sensor_manager.o
 .bss.hi2c1     0x100000bc       0x54 ./Core/Src/main.o
                0x100000bc                hi2c1
 .bss.uwTick    0x10000110        0x4 ./Drivers/STM32H7xx_HAL_Driver/stm32h7xx_hal.o
                0x10000110                uwTick
 .bss.KernelState
                0x10000114        0x4 ./Middlewares/Third_Party/FreeRTOS/cmsis_os2.o
 .bss.Idle_TCB.3
                0x10000118       0x5c ./Middlewares/Third_Party/FreeRTOS/cmsis_os2.o
 .bss.Idle_Stack.2
                0x10000174      0x200 ./Middlewares/Third_Party/FreeRTOS/cmsis_os2.o
 .bss.Timer_TCB.1
                0x10000374       0x5c ./Middlewares/Third_Party/FreeRTOS/cmsis_os2.o
 .bss.Timer_Stack.0
                0x100003d0      0x400 ./Middlewares/Third_Party/FreeRTOS/cmsis_os2.o
 .bss.ucHeap    0x100007d0     0x3c00 ./Middlewares/Third_Party/FreeRTOS/heap_4.o
 .bss.xStart    0x100043d0        0x8 ./Middlewares/Third_Party/FreeRTOS/heap_4.o
 .bss.pxEnd     0x100043d8        0x4 ./Middlewares/Third_Party/FreeRTOS/heap_4.o
 .bss.xFreeBytesRemaining
                0x100043dc        0x4 ./Middlewares/Third_Party/FreeRTOS/heap_4.o
 .bss.xMinimumEverFreeBytesRemaining
                0x100043e0        0x4 ./Middlewares/Third_Party/FreeRTOS/heap_4.o
 .bss.xNumberOfSuccessfulAllocations
                0x100043e4        0x4 ./Middlewares/Third_Party/FreeRTOS/heap_4.o
 .bss.xNumberOfSuccessfulFrees
                0x100043e8        0x4 ./Middlewares/Third_Party/FreeRTOS/heap_4.o
 .bss.xBlockAllocatedBit
                0x100043ec        0x4 ./Middlewares/Third_Party/FreeRTOS/heap_4.o
 .bss.ucMaxSysCallPriority
                0x100043f0        0x1 ./Middlewares/Third_Party/FreeRTOS/port.o
 *fill*         0x100043f1        0x3 
 .bss.ulMaxPRIGROUPValue
                0x100043f4        0x4 ./Middlewares/Third_Party/FreeRTOS/port.o
 .bss.xQueueRegistry
                0x100043f8       0x40 ./Middlewares/Third_Party/FreeRTOS/queue.o
                0x100043f8                xQueueRegistry
 .bss.pxCurrentTCB
                0x10004438        0x4 ./Middlewares/Third_Party/FreeRTOS/tasks.o
                0x10004438                pxCurrentTCB
 .bss.pxReadyTasksLists
                0x1000443c      0x460 ./Middlewares/Third_Party/FreeRTOS/tasks.o
 .bss.xDelayedTaskList1
                0x1000489c       0x14 ./Middlewares/Third_Party/FreeRTOS/tasks.o
 .bss.xDelayedTaskList2
                0x100048b0       0x14 ./Middlewares/Third_Party/FreeRTOS/tasks.o
 .bss.pxDelayedTaskList
                0x100048c4        0x4 ./Middlewares/Third_Party/FreeRTOS/tasks.o
 .bss.pxOverflowDelayedTaskList
                0x100048c8        0x4 ./Middlewares/Third_Party/FreeRTOS/tasks.o
 .bss.xPendingReadyList
                0x100048cc       0x14 ./Middlewares/Third_Party/FreeRTOS/tasks.o
 .bss.xTasksWaitingTermination
                0x100048e0       0x14 ./Middlewares/Third_Party/FreeRTOS/tasks.o
 .bss.uxDeletedTasksWaitingCleanUp
                0x100048f4        0x4 ./Middlewares/Third_Party/FreeRTOS/tasks.o
 .bss.xSuspendedTaskList
                0x100048f8       0x14 ./Middlewares/Third_Party/FreeRTOS/tasks.o
 .bss.uxCurrentNumberOfTasks
                0x1000490c        0x4 ./Middlewares/Third_Party/FreeRTOS/tasks.o
 .bss.xTickCount
                0x10004910        0x4 ./Middlewares/Third_Party/FreeRTOS/tasks.o
 .bss.uxTopReadyPriority
                0x10004914        0x4 ./Middlewares/Third_Party/FreeRTOS/tasks.o
 .bss.xSchedulerRunning
                0x10004918        0x4 ./Middlewares/Third_Party/FreeRTOS/tasks.o
 .bss.xPendedTicks
                0x1000491c        0x4 ./Middlewares/Third_Party/FreeRTOS/tasks.o
 .bss.xYieldPending
                0x10004920        0x4 ./Middlewares/Third_Party/FreeRTOS/tasks.o
 .bss.xNumOfOverflows
                0x10004924        0x4 ./Middlewares/Third_Party/FreeRTOS/tasks.o
 .bss.uxTaskNumber
                0x10004928        0x4 ./Middlewares/Third_Party/FreeRTOS/tasks.o
 .bss.xNextTaskUnblockTime
                0x1000492c        0x4 ./Middlewares/Third_Party/FreeRTOS/tasks.o
 .bss.xIdleTaskHandle
                0x10004930        0x4 ./Middlewares/Third_Party/FreeRTOS/tasks.o
 .bss.uxSchedulerSuspended
                0x10004934        0x4 ./Middlewares/Third_Party/FreeRTOS/tasks.o
 .bss.xActiveTimerList1
                0x10004938       0x14 ./Middlewares/Third_Party/FreeRTOS/timers.o
 .bss.xActiveTimerList2
                0x1000494c       0x14 ./Middlewares/Third_Party/FreeRTOS/timers.o
 .bss.pxCurrentTimerList
                0x10004960        0x4 ./Middlewares/Third_Party/FreeRTOS/timers.o
 .bss.pxOverflowTimerList
                0x10004964        0x4 ./Middlewares/Third_Party/FreeRTOS/timers.o
 .bss.xTimerQueue
                0x10004968        0x4 ./Middlewares/Third_Party/FreeRTOS/timers.o
 .bss.xTimerTaskHandle
                0x1000496c        0x4 ./Middlewares/Third_Party/FreeRTOS/timers.o
 .bss.xLastTime.2
                0x10004970        0x4 ./Middlewares/Third_Party/FreeRTOS/timers.o
 .bss.ucStaticTimerQueueStorage.1
                0x10004974       0xa0 ./Middlewares/Third_Party/FreeRTOS/timers.o
 .bss.xStaticTimerQueue.0
                0x10004a14       0x50 ./Middlewares/Third_Party/FreeRTOS/timers.o
 *(COMMON)
                0x10004a64                        . = ALIGN (0x4)
                0x10004a64                        _ebss = .
                0x10004a64                        __bss_end__ = _ebss

._user_heap_stack
                0x10004a64      0x604 load address 0x08106744
                0x10004a68                        . = ALIGN (0x8)
 *fill*         0x10004a64        0x4 
                [!provide]                        PROVIDE (end = .)
                0x10004a68                        PROVIDE (_end = .)
                0x10004c68                        . = (. + _Min_Heap_Size)
 *fill*         0x10004a68      0x200 
                0x10005068                        . = (. + _Min_Stack_Size)
 *fill*         0x10004c68      0x400 
                0x10005068                        . = ALIGN (0x8)

/DISCARD/
 libc.a(*)
 libm.a(*)
 libgcc.a(*)

.ARM.attributes
                0x00000000       0x30
 *(.ARM.attributes)
 .ARM.attributes
                0x00000000       0x22 /opt/st/stm32cubeide_1.18.1_2/plugins/com.st.stm32cube.ide.mcu.externaltools.gnu-tools-for-stm32.13.3.rel1.linux64_1.0.0.202410170706/tools/bin/../lib/gcc/arm-none-eabi/13.3.1/thumb/v7e-m+fp/hard/crti.o
 .ARM.attributes
                0x00000022       0x34 /opt/st/stm32cubeide_1.18.1_2/plugins/com.st.stm32cube.ide.mcu.externaltools.gnu-tools-for-stm32.13.3.rel1.linux64_1.0.0.202410170706/tools/bin/../lib/gcc/arm-none-eabi/13.3.1/thumb/v7e-m+fp/hard/crtbegin.o
 .ARM.attributes
                0x00000056       0x34 ./Common/Src/system_stm32h7xx_dualcore_boot_cm4_cm7.o
 .ARM.attributes
                0x0000008a       0x34 ./Core/Src/app_sensor_manager.o
 .ARM.attributes
                0x000000be       0x34 ./Core/Src/drv_vl53l5x.o
 .ARM.attributes
                0x000000f2       0x34 ./Core/Src/main.o
 .ARM.attributes
                0x00000126       0x34 ./Core/Src/stm32h7xx_hal_msp.o
 .ARM.attributes
                0x0000015a       0x34 ./Core/Src/stm32h7xx_it.o
 .ARM.attributes
                0x0000018e       0x21 ./Core/Startup/startup_stm32h755zitx.o
 .ARM.attributes
                0x000001af       0x34 ./Drivers/STM32H7xx_HAL_Driver/stm32h7xx_hal.o
 .ARM.attributes
                0x000001e3       0x34 ./Drivers/STM32H7xx_HAL_Driver/stm32h7xx_hal_cortex.o
 .ARM.attributes
                0x00000217       0x34 ./Drivers/STM32H7xx_HAL_Driver/stm32h7xx_hal_gpio.o
 .ARM.attributes
                0x0000024b       0x34 ./Drivers/STM32H7xx_HAL_Driver/stm32h7xx_hal_hsem.o
 .ARM.attributes
                0x0000027f       0x34 ./Drivers/STM32H7xx_HAL_Driver/stm32h7xx_hal_i2c.o
 .ARM.attributes
                0x000002b3       0x34 ./Drivers/STM32H7xx_HAL_Driver/stm32h7xx_hal_i2c_ex.o
 .ARM.attributes
                0x000002e7       0x34 ./Drivers/STM32H7xx_HAL_Driver/stm32h7xx_hal_pwr_ex.o
 .ARM.attributes
                0x0000031b       0x34 ./Drivers/STM32H7xx_HAL_Driver/stm32h7xx_hal_rcc.o
 .ARM.attributes
                0x0000034f       0x34 ./Drivers/STM32H7xx_HAL_Driver/stm32h7xx_hal_rcc_ex.o
 .ARM.attributes
                0x00000383       0x34 ./Middlewares/Third_Party/FreeRTOS/cmsis_os2.o
 .ARM.attributes
                0x000003b7       0x34 ./Middlewares/Third_Party/FreeRTOS/heap_4.o
 .ARM.attributes
                0x000003eb       0x34 ./Middlewares/Third_Party/FreeRTOS/list.o
 .ARM.attributes
                0x0000041f       0x34 ./Middlewares/Third_Party/FreeRTOS/port.o
 .ARM.attributes
                0x00000453       0x34 ./Middlewares/Third_Party/FreeRTOS/queue.o
 .ARM.attributes
                0x00000487       0x34 ./Middlewares/Third_Party/FreeRTOS/tasks.o
 .ARM.attributes
                0x000004bb       0x34 ./Middlewares/Third_Party/FreeRTOS/timers.o
 .ARM.attributes
                0x000004ef       0x34 /opt/st/stm32cubeide_1.18.1_2/plugins/com.st.stm32cube.ide.mcu.externaltools.gnu-tools-for-stm32.13.3.rel1.linux64_1.0.0.202410170706/tools/bin/../lib/gcc/arm-none-eabi/13.3.1/../../../../arm-none-eabi/lib/thumb/v7e-m+fp/hard/libc_nano.a(libc_a-memset.o)
 .ARM.attributes
                0x00000523       0x34 /opt/st/stm32cubeide_1.18.1_2/plugins/com.st.stm32cube.ide.mcu.externaltools.gnu-tools-for-stm32.13.3.rel1.linux64_1.0.0.202410170706/tools/bin/../lib/gcc/arm-none-eabi/13.3.1/../../../../arm-none-eabi/lib/thumb/v7e-m+fp/hard/libc_nano.a(libc_a-init.o)
 .ARM.attributes
                0x00000557       0x34 /opt/st/stm32cubeide_1.18.1_2/plugins/com.st.stm32cube.ide.mcu.externaltools.gnu-tools-for-stm32.13.3.rel1.linux64_1.0.0.202410170706/tools/bin/../lib/gcc/arm-none-eabi/13.3.1/../../../../arm-none-eabi/lib/thumb/v7e-m+fp/hard/libc_nano.a(libc_a-memcpy-stub.o)
 .ARM.attributes
                0x0000058b       0x22 /opt/st/stm32cubeide_1.18.1_2/plugins/com.st.stm32cube.ide.mcu.externaltools.gnu-tools-for-stm32.13.3.rel1.linux64_1.0.0.202410170706/tools/bin/../lib/gcc/arm-none-eabi/13.3.1/thumb/v7e-m+fp/hard/crtn.o
OUTPUT(blindaid_CM4.elf elf32-littlearm)
LOAD linker stubs
LOAD /opt/st/stm32cubeide_1.18.1_2/plugins/com.st.stm32cube.ide.mcu.externaltools.gnu-tools-for-stm32.13.3.rel1.linux64_1.0.0.202410170706/tools/bin/../lib/gcc/arm-none-eabi/13.3.1/../../../../arm-none-eabi/lib/thumb/v7e-m+fp/hard/libc.a
LOAD /opt/st/stm32cubeide_1.18.1_2/plugins/com.st.stm32cube.ide.mcu.externaltools.gnu-tools-for-stm32.13.3.rel1.linux64_1.0.0.202410170706/tools/bin/../lib/gcc/arm-none-eabi/13.3.1/../../../../arm-none-eabi/lib/thumb/v7e-m+fp/hard/libm.a
LOAD /opt/st/stm32cubeide_1.18.1_2/plugins/com.st.stm32cube.ide.mcu.externaltools.gnu-tools-for-stm32.13.3.rel1.linux64_1.0.0.202410170706/tools/bin/../lib/gcc/arm-none-eabi/13.3.1/thumb/v7e-m+fp/hard/libgcc.a

.debug_info     0x00000000    0x174c9
 .debug_info    0x00000000      0x823 ./Common/Src/system_stm32h7xx_dualcore_boot_cm4_cm7.o
 .debug_info    0x00000823      0xb27 ./Core/Src/app_sensor_manager.o
 .debug_info    0x0000134a      0x986 ./Core/Src/drv_vl53l5x.o
 .debug_info    0x00001cd0      0xf39 ./Core/Src/main.o
 .debug_info    0x00002c09     0x138c ./Core/Src/stm32h7xx_hal_msp.o
 .debug_info    0x00003f95      0x129 ./Core/Src/stm32h7xx_it.o
 .debug_info    0x000040be       0x30 ./Core/Startup/startup_stm32h755zitx.o
 .debug_info    0x000040ee     0x17b6 ./Drivers/STM32H7xx_HAL_Driver/stm32h7xx_hal.o
 .debug_info    0x000058a4      0xf32 ./Drivers/STM32H7xx_HAL_Driver/stm32h7xx_hal_cortex.o
 .debug_info    0x000067d6      0xd06 ./Drivers/STM32H7xx_HAL_Driver/stm32h7xx_hal_gpio.o
 .debug_info    0x000074dc      0x3d3 ./Drivers/STM32H7xx_HAL_Driver/stm32h7xx_hal_hsem.o
 .debug_info    0x000078af     0x22c9 ./Drivers/STM32H7xx_HAL_Driver/stm32h7xx_hal_i2c.o
 .debug_info    0x00009b78      0xd84 ./Drivers/STM32H7xx_HAL_Driver/stm32h7xx_hal_i2c_ex.o
 .debug_info    0x0000a8fc     0x1030 ./Drivers/STM32H7xx_HAL_Driver/stm32h7xx_hal_pwr_ex.o
 .debug_info    0x0000b92c      0xe67 ./Drivers/STM32H7xx_HAL_Driver/stm32h7xx_hal_rcc.o
 .debug_info    0x0000c793     0x1303 ./Drivers/STM32H7xx_HAL_Driver/stm32h7xx_hal_rcc_ex.o
 .debug_info    0x0000da96     0x3be4 ./Middlewares/Third_Party/FreeRTOS/cmsis_os2.o
 .debug_info    0x0001167a      0x4d5 ./Middlewares/Third_Party/FreeRTOS/heap_4.o
 .debug_info    0x00011b4f      0x2af ./Middlewares/Third_Party/FreeRTOS/list.o
 .debug_info    0x00011dfe      0x4de ./Middlewares/Third_Party/FreeRTOS/port.o
 .debug_info    0x000122dc     0x1b79 ./Middlewares/Third_Party/FreeRTOS/queue.o
 .debug_info    0x00013e55     0x21ec ./Middlewares/Third_Party/FreeRTOS/tasks.o
 .debug_info    0x00016041     0x1488 ./Middlewares/Third_Party/FreeRTOS/timers.o

.debug_abbrev   0x00000000     0x35a9
 .debug_abbrev  0x00000000      0x152 ./Common/Src/system_stm32h7xx_dualcore_boot_cm4_cm7.o
 .debug_abbrev  0x00000152      0x1e8 ./Core/Src/app_sensor_manager.o
 .debug_abbrev  0x0000033a      0x1d3 ./Core/Src/drv_vl53l5x.o
 .debug_abbrev  0x0000050d      0x2ac ./Core/Src/main.o
 .debug_abbrev  0x000007b9      0x217 ./Core/Src/stm32h7xx_hal_msp.o
 .debug_abbrev  0x000009d0       0xaa ./Core/Src/stm32h7xx_it.o
 .debug_abbrev  0x00000a7a       0x24 ./Core/Startup/startup_stm32h755zitx.o
 .debug_abbrev  0x00000a9e      0x29f ./Drivers/STM32H7xx_HAL_Driver/stm32h7xx_hal.o
 .debug_abbrev  0x00000d3d      0x337 ./Drivers/STM32H7xx_HAL_Driver/stm32h7xx_hal_cortex.o
 .debug_abbrev  0x00001074      0x205 ./Drivers/STM32H7xx_HAL_Driver/stm32h7xx_hal_gpio.o
 .debug_abbrev  0x00001279      0x1d3 ./Drivers/STM32H7xx_HAL_Driver/stm32h7xx_hal_hsem.o
 .debug_abbrev  0x0000144c      0x25d ./Drivers/STM32H7xx_HAL_Driver/stm32h7xx_hal_i2c.o
 .debug_abbrev  0x000016a9      0x1f5 ./Drivers/STM32H7xx_HAL_Driver/stm32h7xx_hal_i2c_ex.o
 .debug_abbrev  0x0000189e      0x2d6 ./Drivers/STM32H7xx_HAL_Driver/stm32h7xx_hal_pwr_ex.o
 .debug_abbrev  0x00001b74      0x2c8 ./Drivers/STM32H7xx_HAL_Driver/stm32h7xx_hal_rcc.o
 .debug_abbrev  0x00001e3c      0x269 ./Drivers/STM32H7xx_HAL_Driver/stm32h7xx_hal_rcc_ex.o
 .debug_abbrev  0x000020a5      0x508 ./Middlewares/Third_Party/FreeRTOS/cmsis_os2.o
 .debug_abbrev  0x000025ad      0x21d ./Middlewares/Third_Party/FreeRTOS/heap_4.o
 .debug_abbrev  0x000027ca       0xf5 ./Middlewares/Third_Party/FreeRTOS/list.o
 .debug_abbrev  0x000028bf      0x25c ./Middlewares/Third_Party/FreeRTOS/port.o
 .debug_abbrev  0x00002b1b      0x3b6 ./Middlewares/Third_Party/FreeRTOS/queue.o
 .debug_abbrev  0x00002ed1      0x386 ./Middlewares/Third_Party/FreeRTOS/tasks.o
 .debug_abbrev  0x00003257      0x352 ./Middlewares/Third_Party/FreeRTOS/timers.o

.debug_aranges  0x00000000     0x1368
 .debug_aranges
                0x00000000       0x30 ./Common/Src/system_stm32h7xx_dualcore_boot_cm4_cm7.o
 .debug_aranges
                0x00000030       0x28 ./Core/Src/app_sensor_manager.o
 .debug_aranges
                0x00000058       0x48 ./Core/Src/drv_vl53l5x.o
 .debug_aranges
                0x000000a0       0x38 ./Core/Src/main.o
 .debug_aranges
                0x000000d8       0x30 ./Core/Src/stm32h7xx_hal_msp.o
 .debug_aranges
                0x00000108       0x50 ./Core/Src/stm32h7xx_it.o
 .debug_aranges
                0x00000158       0x28 ./Core/Startup/startup_stm32h755zitx.o
 .debug_aranges
                0x00000180      0x200 ./Drivers/STM32H7xx_HAL_Driver/stm32h7xx_hal.o
 .debug_aranges
                0x00000380      0x130 ./Drivers/STM32H7xx_HAL_Driver/stm32h7xx_hal_cortex.o
 .debug_aranges
                0x000004b0       0x58 ./Drivers/STM32H7xx_HAL_Driver/stm32h7xx_hal_gpio.o
 .debug_aranges
                0x00000508       0x70 ./Drivers/STM32H7xx_HAL_Driver/stm32h7xx_hal_hsem.o
 .debug_aranges
                0x00000578      0x2a0 ./Drivers/STM32H7xx_HAL_Driver/stm32h7xx_hal_i2c.o
 .debug_aranges
                0x00000818       0x48 ./Drivers/STM32H7xx_HAL_Driver/stm32h7xx_hal_i2c_ex.o
 .debug_aranges
                0x00000860      0x170 ./Drivers/STM32H7xx_HAL_Driver/stm32h7xx_hal_pwr_ex.o
 .debug_aranges
                0x000009d0       0x88 ./Drivers/STM32H7xx_HAL_Driver/stm32h7xx_hal_rcc.o
 .debug_aranges
                0x00000a58      0x100 ./Drivers/STM32H7xx_HAL_Driver/stm32h7xx_hal_rcc_ex.o
 .debug_aranges
                0x00000b58      0x2a8 ./Middlewares/Third_Party/FreeRTOS/cmsis_os2.o
 .debug_aranges
                0x00000e00       0x58 ./Middlewares/Third_Party/FreeRTOS/heap_4.o
 .debug_aranges
                0x00000e58       0x40 ./Middlewares/Third_Party/FreeRTOS/list.o
 .debug_aranges
                0x00000e98       0x80 ./Middlewares/Third_Party/FreeRTOS/port.o
 .debug_aranges
                0x00000f18      0x158 ./Middlewares/Third_Party/FreeRTOS/queue.o
 .debug_aranges
                0x00001070      0x208 ./Middlewares/Third_Party/FreeRTOS/tasks.o
 .debug_aranges
                0x00001278       0xf0 ./Middlewares/Third_Party/FreeRTOS/timers.o

.debug_rnglists
                0x00000000      0xecc
 .debug_rnglists
                0x00000000       0x20 ./Common/Src/system_stm32h7xx_dualcore_boot_cm4_cm7.o
 .debug_rnglists
                0x00000020       0x19 ./Core/Src/app_sensor_manager.o
 .debug_rnglists
                0x00000039       0x32 ./Core/Src/drv_vl53l5x.o
 .debug_rnglists
                0x0000006b       0x27 ./Core/Src/main.o
 .debug_rnglists
                0x00000092       0x20 ./Core/Src/stm32h7xx_hal_msp.o
 .debug_rnglists
                0x000000b2       0x37 ./Core/Src/stm32h7xx_it.o
 .debug_rnglists
                0x000000e9       0x19 ./Core/Startup/startup_stm32h755zitx.o
 .debug_rnglists
                0x00000102      0x181 ./Drivers/STM32H7xx_HAL_Driver/stm32h7xx_hal.o
 .debug_rnglists
                0x00000283       0xe0 ./Drivers/STM32H7xx_HAL_Driver/stm32h7xx_hal_cortex.o
 .debug_rnglists
                0x00000363       0x3f ./Drivers/STM32H7xx_HAL_Driver/stm32h7xx_hal_gpio.o
 .debug_rnglists
                0x000003a2       0x4f ./Drivers/STM32H7xx_HAL_Driver/stm32h7xx_hal_hsem.o
 .debug_rnglists
                0x000003f1      0x22a ./Drivers/STM32H7xx_HAL_Driver/stm32h7xx_hal_i2c.o
 .debug_rnglists
                0x0000061b       0x35 ./Drivers/STM32H7xx_HAL_Driver/stm32h7xx_hal_i2c_ex.o
 .debug_rnglists
                0x00000650      0x117 ./Drivers/STM32H7xx_HAL_Driver/stm32h7xx_hal_pwr_ex.o
 .debug_rnglists
                0x00000767       0x68 ./Drivers/STM32H7xx_HAL_Driver/stm32h7xx_hal_rcc.o
 .debug_rnglists
                0x000007cf       0xc6 ./Drivers/STM32H7xx_HAL_Driver/stm32h7xx_hal_rcc_ex.o
 .debug_rnglists
                0x00000895      0x20c ./Middlewares/Third_Party/FreeRTOS/cmsis_os2.o
 .debug_rnglists
                0x00000aa1       0x42 ./Middlewares/Third_Party/FreeRTOS/heap_4.o
 .debug_rnglists
                0x00000ae3       0x2b ./Middlewares/Third_Party/FreeRTOS/list.o
 .debug_rnglists
                0x00000b0e       0x5d ./Middlewares/Third_Party/FreeRTOS/port.o
 .debug_rnglists
                0x00000b6b      0x109 ./Middlewares/Third_Party/FreeRTOS/queue.o
 .debug_rnglists
                0x00000c74      0x1a0 ./Middlewares/Third_Party/FreeRTOS/tasks.o
 .debug_rnglists
                0x00000e14       0xb8 ./Middlewares/Third_Party/FreeRTOS/timers.o

.debug_macro    0x00000000    0x3bb16
 .debug_macro   0x00000000      0x296 ./Common/Src/system_stm32h7xx_dualcore_boot_cm4_cm7.o
 .debug_macro   0x00000296      0xaea ./Common/Src/system_stm32h7xx_dualcore_boot_cm4_cm7.o
 .debug_macro   0x00000d80       0x2e ./Common/Src/system_stm32h7xx_dualcore_boot_cm4_cm7.o
 .debug_macro   0x00000dae       0x3b ./Common/Src/system_stm32h7xx_dualcore_boot_cm4_cm7.o
 .debug_macro   0x00000de9       0x22 ./Common/Src/system_stm32h7xx_dualcore_boot_cm4_cm7.o
 .debug_macro   0x00000e0b       0x8e ./Common/Src/system_stm32h7xx_dualcore_boot_cm4_cm7.o
 .debug_macro   0x00000e99       0x51 ./Common/Src/system_stm32h7xx_dualcore_boot_cm4_cm7.o
 .debug_macro   0x00000eea      0x103 ./Common/Src/system_stm32h7xx_dualcore_boot_cm4_cm7.o
 .debug_macro   0x00000fed       0x6a ./Common/Src/system_stm32h7xx_dualcore_boot_cm4_cm7.o
 .debug_macro   0x00001057      0x1df ./Common/Src/system_stm32h7xx_dualcore_boot_cm4_cm7.o
 .debug_macro   0x00001236       0x1c ./Common/Src/system_stm32h7xx_dualcore_boot_cm4_cm7.o
 .debug_macro   0x00001252       0x22 ./Common/Src/system_stm32h7xx_dualcore_boot_cm4_cm7.o
 .debug_macro   0x00001274       0xfb ./Common/Src/system_stm32h7xx_dualcore_boot_cm4_cm7.o
 .debug_macro   0x0000136f     0x1011 ./Common/Src/system_stm32h7xx_dualcore_boot_cm4_cm7.o
 .debug_macro   0x00002380      0x11f ./Common/Src/system_stm32h7xx_dualcore_boot_cm4_cm7.o
 .debug_macro   0x0000249f    0x27697 ./Common/Src/system_stm32h7xx_dualcore_boot_cm4_cm7.o
 .debug_macro   0x00029b36       0x6d ./Common/Src/system_stm32h7xx_dualcore_boot_cm4_cm7.o
 .debug_macro   0x00029ba3      0x232 ./Common/Src/system_stm32h7xx_dualcore_boot_cm4_cm7.o
 .debug_macro   0x00029dd5     0x3d79 ./Common/Src/system_stm32h7xx_dualcore_boot_cm4_cm7.o
 .debug_macro   0x0002db4e      0x190 ./Common/Src/system_stm32h7xx_dualcore_boot_cm4_cm7.o
 .debug_macro   0x0002dcde       0x61 ./Common/Src/system_stm32h7xx_dualcore_boot_cm4_cm7.o
 .debug_macro   0x0002dd3f       0x2a ./Common/Src/system_stm32h7xx_dualcore_boot_cm4_cm7.o
 .debug_macro   0x0002dd69       0x43 ./Common/Src/system_stm32h7xx_dualcore_boot_cm4_cm7.o
 .debug_macro   0x0002ddac       0x34 ./Common/Src/system_stm32h7xx_dualcore_boot_cm4_cm7.o
 .debug_macro   0x0002dde0      0x370 ./Common/Src/system_stm32h7xx_dualcore_boot_cm4_cm7.o
 .debug_macro   0x0002e150       0x16 ./Common/Src/system_stm32h7xx_dualcore_boot_cm4_cm7.o
 .debug_macro   0x0002e166       0x4a ./Common/Src/system_stm32h7xx_dualcore_boot_cm4_cm7.o
 .debug_macro   0x0002e1b0       0x34 ./Common/Src/system_stm32h7xx_dualcore_boot_cm4_cm7.o
 .debug_macro   0x0002e1e4       0x10 ./Common/Src/system_stm32h7xx_dualcore_boot_cm4_cm7.o
 .debug_macro   0x0002e1f4       0x58 ./Common/Src/system_stm32h7xx_dualcore_boot_cm4_cm7.o
 .debug_macro   0x0002e24c       0x8e ./Common/Src/system_stm32h7xx_dualcore_boot_cm4_cm7.o
 .debug_macro   0x0002e2da       0x1c ./Common/Src/system_stm32h7xx_dualcore_boot_cm4_cm7.o
 .debug_macro   0x0002e2f6      0x185 ./Common/Src/system_stm32h7xx_dualcore_boot_cm4_cm7.o
 .debug_macro   0x0002e47b      0x19b ./Common/Src/system_stm32h7xx_dualcore_boot_cm4_cm7.o
 .debug_macro   0x0002e616       0x5d ./Common/Src/system_stm32h7xx_dualcore_boot_cm4_cm7.o
 .debug_macro   0x0002e673     0x3b99 ./Common/Src/system_stm32h7xx_dualcore_boot_cm4_cm7.o
 .debug_macro   0x0003220c     0x1072 ./Common/Src/system_stm32h7xx_dualcore_boot_cm4_cm7.o
 .debug_macro   0x0003327e      0x154 ./Common/Src/system_stm32h7xx_dualcore_boot_cm4_cm7.o
 .debug_macro   0x000333d2      0x130 ./Common/Src/system_stm32h7xx_dualcore_boot_cm4_cm7.o
 .debug_macro   0x00033502      0x3c2 ./Common/Src/system_stm32h7xx_dualcore_boot_cm4_cm7.o
 .debug_macro   0x000338c4       0xac ./Common/Src/system_stm32h7xx_dualcore_boot_cm4_cm7.o
 .debug_macro   0x00033970      0x72d ./Common/Src/system_stm32h7xx_dualcore_boot_cm4_cm7.o
 .debug_macro   0x0003409d      0x228 ./Common/Src/system_stm32h7xx_dualcore_boot_cm4_cm7.o
 .debug_macro   0x000342c5       0x66 ./Common/Src/system_stm32h7xx_dualcore_boot_cm4_cm7.o
 .debug_macro   0x0003432b      0x3bb ./Common/Src/system_stm32h7xx_dualcore_boot_cm4_cm7.o
 .debug_macro   0x000346e6      0x407 ./Common/Src/system_stm32h7xx_dualcore_boot_cm4_cm7.o
 .debug_macro   0x00034aed      0x244 ./Common/Src/system_stm32h7xx_dualcore_boot_cm4_cm7.o
 .debug_macro   0x00034d31      0x3ca ./Common/Src/system_stm32h7xx_dualcore_boot_cm4_cm7.o
 .debug_macro   0x000350fb      0x4a2 ./Common/Src/system_stm32h7xx_dualcore_boot_cm4_cm7.o
 .debug_macro   0x0003559d       0x51 ./Common/Src/system_stm32h7xx_dualcore_boot_cm4_cm7.o
 .debug_macro   0x000355ee       0x4a ./Common/Src/system_stm32h7xx_dualcore_boot_cm4_cm7.o
 .debug_macro   0x00035638      0x22c ./Common/Src/system_stm32h7xx_dualcore_boot_cm4_cm7.o
 .debug_macro   0x00035864       0x67 ./Common/Src/system_stm32h7xx_dualcore_boot_cm4_cm7.o
 .debug_macro   0x000358cb       0xa5 ./Common/Src/system_stm32h7xx_dualcore_boot_cm4_cm7.o
 .debug_macro   0x00035970      0x218 ./Common/Src/system_stm32h7xx_dualcore_boot_cm4_cm7.o
 .debug_macro   0x00035b88      0x2ea ./Common/Src/system_stm32h7xx_dualcore_boot_cm4_cm7.o
 .debug_macro   0x00035e72       0x35 ./Common/Src/system_stm32h7xx_dualcore_boot_cm4_cm7.o
 .debug_macro   0x00035ea7      0x693 ./Common/Src/system_stm32h7xx_dualcore_boot_cm4_cm7.o
 .debug_macro   0x0003653a       0xa6 ./Common/Src/system_stm32h7xx_dualcore_boot_cm4_cm7.o
 .debug_macro   0x000365e0      0x7a4 ./Common/Src/system_stm32h7xx_dualcore_boot_cm4_cm7.o
 .debug_macro   0x00036d84      0x398 ./Core/Src/app_sensor_manager.o
 .debug_macro   0x0003711c      0x169 ./Core/Src/app_sensor_manager.o
 .debug_macro   0x00037285      0x15a ./Core/Src/app_sensor_manager.o
 .debug_macro   0x000373df       0xc9 ./Core/Src/app_sensor_manager.o
 .debug_macro   0x000374a8       0x1c ./Core/Src/app_sensor_manager.o
 .debug_macro   0x000374c4       0x26 ./Core/Src/app_sensor_manager.o
 .debug_macro   0x000374ea      0x4c5 ./Core/Src/app_sensor_manager.o
 .debug_macro   0x000379af       0xb5 ./Core/Src/app_sensor_manager.o
 .debug_macro   0x00037a64       0xaa ./Core/Src/app_sensor_manager.o
 .debug_macro   0x00037b0e       0x66 ./Core/Src/app_sensor_manager.o
 .debug_macro   0x00037b74       0x10 ./Core/Src/app_sensor_manager.o
 .debug_macro   0x00037b84       0x74 ./Core/Src/app_sensor_manager.o
 .debug_macro   0x00037bf8       0xdd ./Core/Src/app_sensor_manager.o
 .debug_macro   0x00037cd5       0xf5 ./Core/Src/app_sensor_manager.o
 .debug_macro   0x00037dca       0x2e ./Core/Src/app_sensor_manager.o
 .debug_macro   0x00037df8       0x52 ./Core/Src/app_sensor_manager.o
 .debug_macro   0x00037e4a      0x137 ./Core/Src/app_sensor_manager.o
 .debug_macro   0x00037f81       0x1c ./Core/Src/app_sensor_manager.o
 .debug_macro   0x00037f9d       0x3c ./Core/Src/app_sensor_manager.o
 .debug_macro   0x00037fd9       0x10 ./Core/Src/app_sensor_manager.o
 .debug_macro   0x00037fe9       0x1c ./Core/Src/app_sensor_manager.o
 .debug_macro   0x00038005       0x16 ./Core/Src/app_sensor_manager.o
 .debug_macro   0x0003801b      0x146 ./Core/Src/app_sensor_manager.o
 .debug_macro   0x00038161      0x2ff ./Core/Src/drv_vl53l5x.o
 .debug_macro   0x00038460      0x395 ./Core/Src/main.o
 .debug_macro   0x000387f5      0x169 ./Core/Src/main.o
 .debug_macro   0x0003895e      0x2f5 ./Core/Src/stm32h7xx_hal_msp.o
 .debug_macro   0x00038c53      0x367 ./Core/Src/stm32h7xx_it.o
 .debug_macro   0x00038fba      0x2c0 ./Drivers/STM32H7xx_HAL_Driver/stm32h7xx_hal.o
 .debug_macro   0x0003927a      0x296 ./Drivers/STM32H7xx_HAL_Driver/stm32h7xx_hal_cortex.o
 .debug_macro   0x00039510      0x2aa ./Drivers/STM32H7xx_HAL_Driver/stm32h7xx_hal_gpio.o
 .debug_macro   0x000397ba      0x2a8 ./Drivers/STM32H7xx_HAL_Driver/stm32h7xx_hal_hsem.o
 .debug_macro   0x00039a62      0x362 ./Drivers/STM32H7xx_HAL_Driver/stm32h7xx_hal_i2c.o
 .debug_macro   0x00039dc4      0x296 ./Drivers/STM32H7xx_HAL_Driver/stm32h7xx_hal_i2c_ex.o
 .debug_macro   0x0003a05a      0x2cf ./Drivers/STM32H7xx_HAL_Driver/stm32h7xx_hal_pwr_ex.o
 .debug_macro   0x0003a329      0x2ba ./Drivers/STM32H7xx_HAL_Driver/stm32h7xx_hal_rcc.o
 .debug_macro   0x0003a5e3      0x2b4 ./Drivers/STM32H7xx_HAL_Driver/stm32h7xx_hal_rcc_ex.o
 .debug_macro   0x0003a897      0x3f5 ./Middlewares/Third_Party/FreeRTOS/cmsis_os2.o
 .debug_macro   0x0003ac8c       0x10 ./Middlewares/Third_Party/FreeRTOS/cmsis_os2.o
 .debug_macro   0x0003ac9c       0x20 ./Middlewares/Third_Party/FreeRTOS/cmsis_os2.o
 .debug_macro   0x0003acbc       0x91 ./Middlewares/Third_Party/FreeRTOS/cmsis_os2.o
 .debug_macro   0x0003ad4d       0x8d ./Middlewares/Third_Party/FreeRTOS/cmsis_os2.o
 .debug_macro   0x0003adda       0x9a ./Middlewares/Third_Party/FreeRTOS/cmsis_os2.o
 .debug_macro   0x0003ae74       0x22 ./Middlewares/Third_Party/FreeRTOS/cmsis_os2.o
 .debug_macro   0x0003ae96      0x1ae ./Middlewares/Third_Party/FreeRTOS/heap_4.o
 .debug_macro   0x0003b044      0x187 ./Middlewares/Third_Party/FreeRTOS/list.o
 .debug_macro   0x0003b1cb      0x196 ./Middlewares/Third_Party/FreeRTOS/port.o
 .debug_macro   0x0003b361      0x216 ./Middlewares/Third_Party/FreeRTOS/queue.o
 .debug_macro   0x0003b577       0x16 ./Middlewares/Third_Party/FreeRTOS/queue.o
 .debug_macro   0x0003b58d       0x87 ./Middlewares/Third_Party/FreeRTOS/queue.o
 .debug_macro   0x0003b614      0x27f ./Middlewares/Third_Party/FreeRTOS/tasks.o
 .debug_macro   0x0003b893       0x10 ./Middlewares/Third_Party/FreeRTOS/tasks.o
 .debug_macro   0x0003b8a3      0x1dc ./Middlewares/Third_Party/FreeRTOS/timers.o
 .debug_macro   0x0003ba7f       0x97 ./Middlewares/Third_Party/FreeRTOS/timers.o

.debug_line     0x00000000    0x1744a
 .debug_line    0x00000000      0x9bc ./Common/Src/system_stm32h7xx_dualcore_boot_cm4_cm7.o
 .debug_line    0x000009bc      0xa50 ./Core/Src/app_sensor_manager.o
 .debug_line    0x0000140c      0x995 ./Core/Src/drv_vl53l5x.o
 .debug_line    0x00001da1      0xaa2 ./Core/Src/main.o
 .debug_line    0x00002843      0x8ea ./Core/Src/stm32h7xx_hal_msp.o
 .debug_line    0x0000312d      0xa25 ./Core/Src/stm32h7xx_it.o
 .debug_line    0x00003b52       0x7b ./Core/Startup/startup_stm32h755zitx.o
 .debug_line    0x00003bcd      0xf68 ./Drivers/STM32H7xx_HAL_Driver/stm32h7xx_hal.o
 .debug_line    0x00004b35      0xdfc ./Drivers/STM32H7xx_HAL_Driver/stm32h7xx_hal_cortex.o
 .debug_line    0x00005931      0xc91 ./Drivers/STM32H7xx_HAL_Driver/stm32h7xx_hal_gpio.o
 .debug_line    0x000065c2      0x9a4 ./Drivers/STM32H7xx_HAL_Driver/stm32h7xx_hal_hsem.o
 .debug_line    0x00006f66     0x3b7d ./Drivers/STM32H7xx_HAL_Driver/stm32h7xx_hal_i2c.o
 .debug_line    0x0000aae3      0x994 ./Drivers/STM32H7xx_HAL_Driver/stm32h7xx_hal_i2c_ex.o
 .debug_line    0x0000b477     0x10cf ./Drivers/STM32H7xx_HAL_Driver/stm32h7xx_hal_pwr_ex.o
 .debug_line    0x0000c546     0x14ad ./Drivers/STM32H7xx_HAL_Driver/stm32h7xx_hal_rcc.o
 .debug_line    0x0000d9f3     0x1dd2 ./Drivers/STM32H7xx_HAL_Driver/stm32h7xx_hal_rcc_ex.o
 .debug_line    0x0000f7c5     0x24b3 ./Middlewares/Third_Party/FreeRTOS/cmsis_os2.o
 .debug_line    0x00011c78      0x922 ./Middlewares/Third_Party/FreeRTOS/heap_4.o
 .debug_line    0x0001259a      0x70b ./Middlewares/Third_Party/FreeRTOS/list.o
 .debug_line    0x00012ca5      0x7df ./Middlewares/Third_Party/FreeRTOS/port.o
 .debug_line    0x00013484     0x167c ./Middlewares/Third_Party/FreeRTOS/queue.o
 .debug_line    0x00014b00     0x1bff ./Middlewares/Third_Party/FreeRTOS/tasks.o
 .debug_line    0x000166ff      0xd4b ./Middlewares/Third_Party/FreeRTOS/timers.o

.debug_str      0x00000000   0x185487
 .debug_str     0x00000000   0x185487 ./Common/Src/system_stm32h7xx_dualcore_boot_cm4_cm7.o
                             0x175588 (size before relaxing)
 .debug_str     0x00185487   0x17b60e ./Core/Src/app_sensor_manager.o
 .debug_str     0x00185487   0x176795 ./Core/Src/drv_vl53l5x.o
 .debug_str     0x00185487   0x17b464 ./Core/Src/main.o
 .debug_str     0x00185487   0x177570 ./Core/Src/stm32h7xx_hal_msp.o
 .debug_str     0x00185487   0x179ef7 ./Core/Src/stm32h7xx_it.o
 .debug_str     0x00185487       0x8b ./Core/Startup/startup_stm32h755zitx.o
 .debug_str     0x00185487   0x1768b8 ./Drivers/STM32H7xx_HAL_Driver/stm32h7xx_hal.o
 .debug_str     0x00185487   0x17603e ./Drivers/STM32H7xx_HAL_Driver/stm32h7xx_hal_cortex.o
 .debug_str     0x00185487   0x175797 ./Drivers/STM32H7xx_HAL_Driver/stm32h7xx_hal_gpio.o
 .debug_str     0x00185487   0x175422 ./Drivers/STM32H7xx_HAL_Driver/stm32h7xx_hal_hsem.o
 .debug_str     0x00185487   0x1767c2 ./Drivers/STM32H7xx_HAL_Driver/stm32h7xx_hal_i2c.o
 .debug_str     0x00185487   0x175b66 ./Drivers/STM32H7xx_HAL_Driver/stm32h7xx_hal_i2c_ex.o
 .debug_str     0x00185487   0x175bed ./Drivers/STM32H7xx_HAL_Driver/stm32h7xx_hal_pwr_ex.o
 .debug_str     0x00185487   0x175b18 ./Drivers/STM32H7xx_HAL_Driver/stm32h7xx_hal_rcc.o
 .debug_str     0x00185487   0x17604d ./Drivers/STM32H7xx_HAL_Driver/stm32h7xx_hal_rcc_ex.o
 .debug_str     0x00185487   0x17d274 ./Middlewares/Third_Party/FreeRTOS/cmsis_os2.o
 .debug_str     0x00185487     0xb5cf ./Middlewares/Third_Party/FreeRTOS/heap_4.o
 .debug_str     0x00185487     0xac8d ./Middlewares/Third_Party/FreeRTOS/list.o
 .debug_str     0x00185487     0x8831 ./Middlewares/Third_Party/FreeRTOS/port.o
 .debug_str     0x00185487     0xc7cd ./Middlewares/Third_Party/FreeRTOS/queue.o
 .debug_str     0x00185487     0xd28a ./Middlewares/Third_Party/FreeRTOS/tasks.o
 .debug_str     0x00185487     0xccff ./Middlewares/Third_Party/FreeRTOS/timers.o

.comment        0x00000000       0x43
 .comment       0x00000000       0x43 ./Common/Src/system_stm32h7xx_dualcore_boot_cm4_cm7.o
                                 0x44 (size before relaxing)
 .comment       0x00000043       0x44 ./Core/Src/app_sensor_manager.o
 .comment       0x00000043       0x44 ./Core/Src/drv_vl53l5x.o
 .comment       0x00000043       0x44 ./Core/Src/main.o
 .comment       0x00000043       0x44 ./Core/Src/stm32h7xx_hal_msp.o
 .comment       0x00000043       0x44 ./Core/Src/stm32h7xx_it.o
 .comment       0x00000043       0x44 ./Drivers/STM32H7xx_HAL_Driver/stm32h7xx_hal.o
 .comment       0x00000043       0x44 ./Drivers/STM32H7xx_HAL_Driver/stm32h7xx_hal_cortex.o
 .comment       0x00000043       0x44 ./Drivers/STM32H7xx_HAL_Driver/stm32h7xx_hal_gpio.o
 .comment       0x00000043       0x44 ./Drivers/STM32H7xx_HAL_Driver/stm32h7xx_hal_hsem.o
 .comment       0x00000043       0x44 ./Drivers/STM32H7xx_HAL_Driver/stm32h7xx_hal_i2c.o
 .comment       0x00000043       0x44 ./Drivers/STM32H7xx_HAL_Driver/stm32h7xx_hal_i2c_ex.o
 .comment       0x00000043       0x44 ./Drivers/STM32H7xx_HAL_Driver/stm32h7xx_hal_pwr_ex.o
 .comment       0x00000043       0x44 ./Drivers/STM32H7xx_HAL_Driver/stm32h7xx_hal_rcc.o
 .comment       0x00000043       0x44 ./Drivers/STM32H7xx_HAL_Driver/stm32h7xx_hal_rcc_ex.o
 .comment       0x00000043       0x44 ./Middlewares/Third_Party/FreeRTOS/cmsis_os2.o
 .comment       0x00000043       0x44 ./Middlewares/Third_Party/FreeRTOS/heap_4.o
 .comment       0x00000043       0x44 ./Middlewares/Third_Party/FreeRTOS/list.o
 .comment       0x00000043       0x44 ./Middlewares/Third_Party/FreeRTOS/port.o
 .comment       0x00000043       0x44 ./Middlewares/Third_Party/FreeRTOS/queue.o
 .comment       0x00000043       0x44 ./Middlewares/Third_Party/FreeRTOS/tasks.o
 .comment       0x00000043       0x44 ./Middlewares/Third_Party/FreeRTOS/timers.o

.debug_frame    0x00000000     0x5000
 .debug_frame   0x00000000       0x78 ./Common/Src/system_stm32h7xx_dualcore_boot_cm4_cm7.o
 .debug_frame   0x00000078       0x4c ./Core/Src/app_sensor_manager.o
 .debug_frame   0x000000c4       0xf0 ./Core/Src/drv_vl53l5x.o
 .debug_frame   0x000001b4       0x8c ./Core/Src/main.o
 .debug_frame   0x00000240       0x80 ./Core/Src/stm32h7xx_hal_msp.o
 .debug_frame   0x000002c0       0xc4 ./Core/Src/stm32h7xx_it.o
 .debug_frame   0x00000384      0x848 ./Drivers/STM32H7xx_HAL_Driver/stm32h7xx_hal.o
 .debug_frame   0x00000bcc      0x508 ./Drivers/STM32H7xx_HAL_Driver/stm32h7xx_hal_cortex.o
 .debug_frame   0x000010d4      0x14c ./Drivers/STM32H7xx_HAL_Driver/stm32h7xx_hal_gpio.o
 .debug_frame   0x00001220      0x1bc ./Drivers/STM32H7xx_HAL_Driver/stm32h7xx_hal_hsem.o
 .debug_frame   0x000013dc      0xc40 ./Drivers/STM32H7xx_HAL_Driver/stm32h7xx_hal_i2c.o
 .debug_frame   0x0000201c      0x100 ./Drivers/STM32H7xx_HAL_Driver/stm32h7xx_hal_i2c_ex.o
 .debug_frame   0x0000211c      0x5ec ./Drivers/STM32H7xx_HAL_Driver/stm32h7xx_hal_pwr_ex.o
 .debug_frame   0x00002708      0x1f8 ./Drivers/STM32H7xx_HAL_Driver/stm32h7xx_hal_rcc.o
 .debug_frame   0x00002900      0x43c ./Drivers/STM32H7xx_HAL_Driver/stm32h7xx_hal_rcc_ex.o
 .debug_frame   0x00002d3c      0xbc8 ./Middlewares/Third_Party/FreeRTOS/cmsis_os2.o
 .debug_frame   0x00003904      0x12c ./Middlewares/Third_Party/FreeRTOS/heap_4.o
 .debug_frame   0x00003a30       0xd8 ./Middlewares/Third_Party/FreeRTOS/list.o
 .debug_frame   0x00003b08      0x1a8 ./Middlewares/Third_Party/FreeRTOS/port.o
 .debug_frame   0x00003cb0      0x5ec ./Middlewares/Third_Party/FreeRTOS/queue.o
 .debug_frame   0x0000429c      0x8f0 ./Middlewares/Third_Party/FreeRTOS/tasks.o
 .debug_frame   0x00004b8c      0x400 ./Middlewares/Third_Party/FreeRTOS/timers.o
 .debug_frame   0x00004f8c       0x20 /opt/st/stm32cubeide_1.18.1_2/plugins/com.st.stm32cube.ide.mcu.externaltools.gnu-tools-for-stm32.13.3.rel1.linux64_1.0.0.202410170706/tools/bin/../lib/gcc/arm-none-eabi/13.3.1/../../../../arm-none-eabi/lib/thumb/v7e-m+fp/hard/libc_nano.a(libc_a-memset.o)
 .debug_frame   0x00004fac       0x2c /opt/st/stm32cubeide_1.18.1_2/plugins/com.st.stm32cube.ide.mcu.externaltools.gnu-tools-for-stm32.13.3.rel1.linux64_1.0.0.202410170706/tools/bin/../lib/gcc/arm-none-eabi/13.3.1/../../../../arm-none-eabi/lib/thumb/v7e-m+fp/hard/libc_nano.a(libc_a-init.o)
 .debug_frame   0x00004fd8       0x28 /opt/st/stm32cubeide_1.18.1_2/plugins/com.st.stm32cube.ide.mcu.externaltools.gnu-tools-for-stm32.13.3.rel1.linux64_1.0.0.202410170706/tools/bin/../lib/gcc/arm-none-eabi/13.3.1/../../../../arm-none-eabi/lib/thumb/v7e-m+fp/hard/libc_nano.a(libc_a-memcpy-stub.o)

.debug_line_str
                0x00000000       0x6f
 .debug_line_str
                0x00000000       0x6f ./Core/Startup/startup_stm32h755zitx.o
